RT Ponting (AUS)
AR Border (AUS)
SR Waugh (AUS)
MJ Clarke (AUS)
ML Hayden (AUS)
ME Waugh (AUS)
JL Langer (AUS)
MA Taylor (AUS)
DC Boon (AUS)
GS Chappell (AUS)
DG Bradman (AUS)
MEK Hussey (AUS)
RN Harvey (AUS)
AC Gilchrist (AUS)
DA Warner (AUS)
KD Walters (AUS)
IM Chappell (AUS)
MJ Slater (AUS)
SPD Smith (AUS)
WM Lawry (AUS)
RB Simpson (AUS)
IR Redpath (AUS)
KJ Hughes (AUS)
DR Martyn (AUS)
IA Healy (AUS)
SM Katich (AUS)
SR Watson (AUS)
RW Marsh (AUS)
DM Jones (AUS)
AR Morris (AUS)
C Hill (AUS)
GM Wood (AUS)
BJ Haddin (AUS)
VT Trumper (AUS)
SK Warne (AUS)
CC McDonald (AUS)
AL Hassett (AUS)
KR Miller (AUS)
WW Armstrong (AUS)
GR Marsh (AUS)
KR Stackpole (AUS)
NCL O'Neill (AUS)
GN Yallop (AUS)
SJ McCabe (AUS)
GS Blewett (AUS)
W Bardsley (AUS)
WM Woodfull (AUS)
PJP Burge (AUS)
SE Gregory (AUS)
R Benaud (AUS)
CG Macartney (AUS)
WH Ponsford (AUS)
MG Johnson (AUS)
RM Cowper (AUS)
CJL Rogers (AUS)
MA Noble (AUS)
GRJ Matthews (AUS)
DS Lehmann (AUS)
BC Booth (AUS)
KC Wessels (AUS)
UT Khawaja (AUS)
GM Ritchie (AUS)
J Darling (AUS)
RB McCosker (AUS)
AP Sheahan (AUS)
WA Brown (AUS)
PJ Hughes (AUS)
KD Mackay (AUS)
RR Lindwall (AUS)
WB Phillips (AUS)
AC Voges (AUS)
SE Marsh (AUS)
A Symonds (AUS)
B Lee (AUS)
WAS Oldfield (AUS)
C Kelleway (AUS)
J Ryder (AUS)
J Dyson (AUS)
HL Collins (AUS)
BM Laird (AUS)
AK Davidson (AUS)
RA Duff (AUS)
DW Hookes (AUS)
JW Burke (AUS)
G Giffen (AUS)
JN Gillespie (AUS)
VS Ransford (AUS)
AF Kippax (AUS)
JHW Fingleton (AUS)
MTG Elliott (AUS)
R Edwards (AUS)
MJ North (AUS)
JM Gregory (AUS)
AC Bannerman (AUS)
AMJ Hilditch (AUS)
SG Barnes (AUS)
MA Starc (AUS)
PM Siddle (AUS)
MG Hughes (AUS)
EJM Cowan (AUS)
IWG Johnson (AUS)
JM Taylor (AUS)
B Yardley (AUS)
PS McDonnell (AUS)
PR Reiffel (AUS)
GD McKenzie (AUS)
CJ McDermott (AUS)
GHS Trott (AUS)
DK Lillee (AUS)
PA Jaques (AUS)
GJ Cosier (AUS)
WL Murdoch (AUS)
GF Lawson (AUS)
PM Toohey (AUS)
ATW Grout (AUS)
JA Burns (AUS)
H Carter (AUS)
MS Wade (AUS)
H Trumble (AUS)
TR Veivers (AUS)
FA Iredale (AUS)
JM Blackham (AUS)
GB Hole (AUS)
MG Bevan (AUS)
A Turner (AUS)
LE Favell (AUS)
JJ Lyons (AUS)
RG Archer (AUS)
VY Richardson (AUS)
W Bruce (AUS)
WM Darling (AUS)
IC Davis (AUS)
JR Thomson (AUS)
MR Marsh (AUS)
NM Lyon (AUS)
JJ Kelly (AUS)
KJ O'Keeffe (AUS)
GD McGrath (AUS)
RJ Harris (AUS)
PSP Handscomb (AUS)
TJE Andrews (AUS)
MHN Walker (AUS)
CE McLeod (AUS)
CV Grimmett (AUS)
SJE Loxton (AUS)
AG Chipperfield (AUS)
MT Renshaw (AUS)
CS Serjeant (AUS)
GJ Bonnor (AUS)
AJY Hopkins (AUS)
BJ Hodge (AUS)
BK Shepherd (AUS)
CE Pellew (AUS)
GJ Gilmour (AUS)
PR Sleep (AUS)
J Worrall (AUS)
LS Darling (AUS)
A Jackson (AUS)
TP Horan (AUS)
PM Nevill (AUS)
CL McCool (AUS)
A Cotter (AUS)
TM Moody (AUS)
RJ Bright (AUS)
MS Kasprowicz (AUS)
RM Hogg (AUS)
PL Taylor (AUS)
AA Mallett (AUS)
SP Jones (AUS)
NM Hauritz (AUS)
DT Ring (AUS)
AG Fairfax (AUS)
WJ O'Reilly (AUS)
AJ Richardson (AUS)
KE Rigg (AUS)
BN Jarman (AUS)
JW Gleeson (AUS)
SJ Rixon (AUS)
D Tallon (AUS)
RB Minnett (AUS)
J Moroney (AUS)
GRA Langley (AUS)
NJN Hawke (AUS)
HJH Scott (AUS)
ID Craig (AUS)
AJ Bichel (AUS)
BW Hilfenhaus (AUS)
HB Taber (AUS)
SCG MacGill (AUS)
EW Freeman (AUS)
TW Garrett (AUS)
HSTL Hendry (AUS)
JL Pattinson (AUS)
G Thomas (AUS)
CTB Turner (AUS)
DW Fleming (AUS)
AH Jarvis (AUS)
H Graham (AUS)
GE Palmer (AUS)
DF Whatmore (AUS)
TD Paine (AUS)
JM Wiener (AUS)
WA Johnston (AUS)
AN Connolly (AUS)
JR Hazlewood (AUS)
DM Wellham (AUS)
HV Hordern (AUS)
PA McAlister (AUS)
HH Massie (AUS)
SR Clark (AUS)
TJ Zoehrer (AUS)
JW Trumble (AUS)
C Bannerman (AUS)
GJ Maxwell (AUS)
G Dymock (AUS)
KA Archer (AUS)
ML Love (AUS)
TBA May (AUS)
J Benaud (AUS)
AA Mailey (AUS)
DRA Gehrs (AUS)
KJ Wright (AUS)
FR Spofforth (AUS)
JW Martin (AUS)
LPJ O'Brien (AUS)
TJ Jenner (AUS)
MRJ Veletta (AUS)
SP O'Donnell (AUS)
TG Hogan (AUS)
AE Trott (AUS)
TM Alderman (AUS)
AIC Dodemaide (AUS)
H Moses (AUS)
FJ Laver (AUS)
BA Barnett (AUS)
AJ Doolan (AUS)
AL Mann (AUS)
GB Hogg (AUS)
GJ Bailey (AUS)
AD Ogilvie (AUS)
LV Maddocks (AUS)
RJ Inverarity (AUS)
WE Midwinter (AUS)
CR Miller (AUS)
MF Kent (AUS)
MJ Hartigan (AUS)
MC Henriques (AUS)
WJ Whitty (AUS)
CL Badcock (AUS)
WP Howell (AUS)
I Meckiff (AUS)
HF Boyle (AUS)
RG Gregory (AUS)
TJ Matthews (AUS)
RK Oxenham (AUS)
RW McLeod (AUS)
CL White (AUS)
EL a'Beckett (AUS)
GR Robertson (AUS)
TV Hohns (AUS)
GC Dyer (AUS)
AC Agar (AUS)
BP Julian (AUS)
E Jones (AUS)
TW Wall (AUS)
EA McDonald (AUS)
GR Beard (AUS)
GB Stevens (AUS)
JD Higgs (AUS)
CB Jennings (AUS)
AB McDonald (AUS)
LS Pascoe (AUS)
WJ Watson (AUS)
AG Hurst (AUS)
RD Robinson (AUS)
WM Clark (AUS)
JJ Ferris (AUS)
GD Watson (AUS)
PI Philpott (AUS)
BA Reid (AUS)
GR Hazlitt (AUS)
TR McKibbin (AUS)
ST Callaway (AUS)
TJ Laughlin (AUS)
JDA O'Connor (AUS)
DJ Colley (AUS)
E Evans (AUS)
JH de Courcy (AUS)
RA Hamence (AUS)
JE Barrett (AUS)
AEV Hartkopf (AUS)
DJ Sincock (AUS)
TM Chappell (AUS)
JA Maclean (AUS)
RAL Massie (AUS)
SNJ O'Keefe (AUS)
B Dooland (AUS)
LC Mayne (AUS)
H Donnan (AUS)
ERH Toshack (AUS)
MJ Bennett (AUS)
JJ Krejza (AUS)
NW Bracken (AUS)
WJ Edwards (AUS)
MR Whitney (AUS)
MW Sievers (AUS)
NFD Thomson (AUS)
TJD Kelly (AUS)
ER Mayne (AUS)
DW Gregory (AUS)
PM Hornibrook (AUS)
JK Moss (AUS)
LF Kline (AUS)
DR Gilbert (AUS)
PK Lee (AUS)
DE Bollinger (AUS)
LO Fleetwood-Smith (AUS)
SG Law (AUS)
EL McCormick (AUS)
CD Matthews (AUS)
WPA Crawford (AUS)
HC Nitschke (AUS)
CG Rackemann (AUS)
G Alexander (AUS)
BC Francis (AUS)
JW Hastings (AUS)
OE Nothling (AUS)
XJ Doherty (AUS)
PJ Cummins (AUS)
JD Edwards (AUS)
MF Malone (AUS)
JP Faulkner (AUS)
RC Allen (AUS)
GR Thoms (AUS)
HI Ebeling (AUS)
MR Harvey (AUS)
H Ironmonger (AUS)
EJK Burn (AUS)
SB Smith (AUS)
WH Moule (AUS)
JM Bird (AUS)
TA Copeland (AUS)
TK Kendall (AUS)
JV Saunders (AUS)
JR Watkins (AUS)
EH Bromley (AUS)
FM Misson (AUS)
HWR Cartwright (AUS)
FA Ward (AUS)
J Angel (AUS)
DE Hoare (AUS)
RG Holland (AUS)
GE Tribe (AUS)
SMJ Woods (AUS)
RB Kerr (AUS)
LJ Nash (AUS)
JW Rutherford (AUS)
RA Saggers (AUS)
DBM Smith (AUS)
PC Charlton (AUS)
FAW Freer (AUS)
JR Hammond (AUS)
JN Maguire (AUS)
NJ Maddinson (AUS)
AJ Woodcock (AUS)
IW Callen (AUS)
PG McShane (AUS)
LJ Johnson (AUS)
DD Blackie (AUS)
PH Carlson (AUS)
BA Williams (AUS)
PE McIntyre (AUS)
G Noblet (AUS)
WN Phillips (AUS)
DA Renneberg (AUS)
AL Thomson (AUS)
JC Hill (AUS)
GA Manou (AUS)
LE Nagel (AUS)
JC Reedman (AUS)
RD Woolley (AUS)
CJ Eady (AUS)
SW Tait (AUS)
BB Cooper (AUS)
HH Alexander (AUS)
W Carkeek (AUS)
PA Hibbert (AUS)
S Morris (AUS)
MJ Nicholson (AUS)
A Coningham (AUS)
WH Cooper (AUS)
HA Musgrove (AUS)
FH Walters (AUS)
WF Giffen (AUS)
EJ Gregory (AUS)
TU Groube (AUS)
CEJ Guest (AUS)
J Slight (AUS)
MG Waite (AUS)
GD Campbell (AUS)
B Casson (AUS)
JR Hodges (AUS)
CJ McKay (AUS)
JM Mennie (AUS)
JPF Travers (AUS)
LR Joslin (AUS)
J McIlwraith (AUS)
RJ Quiney (AUS)
GF Rorke (AUS)
PA Emery (AUS)
J Harry (AUS)
HSB Love (AUS)
MA Beer (AUS)
G Coulthard (AUS)
AC Dale (AUS)
AR Dell (AUS)
SH Emery (AUS)
RA Gaunt (AUS)
SA Muller (AUS)
FE Allan (AUS)
GE Corling (AUS)
KH Eastwood (AUS)
A Hurwood (AUS)
AP Marr (AUS)
RH Robinson (AUS)
FJ Burton (AUS)
JT Cottam (AUS)
CJ Ferguson (AUS)
S Young (AUS)
SH Cook (AUS)
JRF Duncan (AUS)
JB Gannon (AUS)
JB Iverson (AUS)
RJ Pope (AUS)
PR George (AUS)
BE McGain (AUS)
WR Robertson (AUS)
JM Holland (AUS)
KN Slater (AUS)
SP Davis (AUS)
WA Hunt (AUS)
JW McLaren (AUS)
KD Meuleman (AUS)
RL Park (AUS)
RHD Sellers (AUS)
HM Thurlow (AUS)
P Wilson (AUS)
PJ Allan (AUS)
DJ Cullen (AUS)
JW Wilson (AUS)
Tamim Iqbal (BAN)
Shakib Al Hasan (BAN)
Mushfiqur Rahim (BAN)
Habibul Bashar (BAN)
Mohammad Ashraful (BAN)
Mahmudullah (BAN)
Javed Omar (BAN)
Mominul Haque (BAN)
Imrul Kayes (BAN)
Khaled Mashud (BAN)
Shahriar Nafees (BAN)
Rajin Saleh (BAN)
Mohammad Rafique (BAN)
Nasir Hossain (BAN)
Junaid Siddique (BAN)
Mashrafe Mortaza (BAN)
Al Sahariar (BAN)
Hannan Sarkar (BAN)
Alok Kapali (BAN)
Aftab Ahmed (BAN)
Aminul Islam (BAN)
Shahadat Hossain (BAN)
Nafees Iqbal (BAN)
Soumya Sarkar (BAN)
Naeem Islam (BAN)
Tapash Baisya (BAN)
Jahurul Islam (BAN)
Sanwar Hossain (BAN)
Raqibul Hasan (BAN)
Sabbir Rahman (BAN)
Sohag Gazi (BAN)
Shamsur Rahman (BAN)
Khaled Mahmud (BAN)
Akram Khan (BAN)
Manjural Islam Rana (BAN)
Abdur Razzak (BAN)
Shuvagata Hom (BAN)
Mehrab Hossain jnr (BAN)
Mehrab Hossain (BAN)
Mushfiqur Rahman (BAN)
Rubel Hossain (BAN)
Naimur Rahman (BAN)
Mehedi Hasan Miraz (BAN)
Shafiul Islam (BAN)
Taijul Islam (BAN)
Enamul Haque (BAN)
Abul Hasan (BAN)
Liton Das (BAN)
Marshall Ayub (BAN)
Nazimuddin (BAN)
Mohammad Sharif (BAN)
Robiul Islam (BAN)
Shahriar Hossain (BAN)
Hasibul Hossain (BAN)
Tushar Imran (BAN)
Mosaddek Hossain (BAN)
Manjural Islam (BAN)
Anamul Haque (BAN)
Al-Amin Hossain (BAN)
Taskin Ahmed (BAN)
Enamul Haque jnr (BAN)
Mohammad Shahid (BAN)
Fahim Muntasir (BAN)
Talha Jubair (BAN)
Mohammad Salim (BAN)
Nurul Hasan (BAN)
Kamrul Islam Rabbi (BAN)
Elias Sunny (BAN)
Syed Rasel (BAN)
Nazmul Hossain Shanto (BAN)
Anwar Hossain Monir (BAN)
Tareq Aziz (BAN)
Sajedul Islam (BAN)
Nazmul Hossain (BAN)
Suhrawadi Shuvo (BAN)
Anwar Hossain (BAN)
Ziaur Rahman (BAN)
Jubair Hossain (BAN)
Alamgir Kabir (BAN)
Ehsanul Haque (BAN)
Faisal Hossain (BAN)
Mustafizur Rahman (BAN)
Rafiqul Islam (BAN)
Mahbubul Alam (BAN)
Ranjan Das (BAN)
Subashis Roy (BAN)
AN Cook (ENG)
GA Gooch (ENG)
AJ Stewart (ENG)
DI Gower (ENG)
KP Pietersen (ENG)
G Boycott (ENG)
MA Atherton (ENG)
IR Bell (ENG)
MC Cowdrey (ENG)
WR Hammond (ENG)
AJ Strauss (ENG)
L Hutton (ENG)
KF Barrington (ENG)
GP Thorpe (ENG)
ME Trescothick (ENG)
DCS Compton (ENG)
N Hussain (ENG)
MP Vaughan (ENG)
JB Hobbs (ENG)
IT Botham (ENG)
JH Edrich (ENG)
TW Graveney (ENG)
AJ Lamb (ENG)
JE Root (ENG)
H Sutcliffe (ENG)
PBH May (ENG)
ER Dexter (ENG)
MW Gatting (ENG)
APE Knott (ENG)
MA Butcher (ENG)
PD Collingwood (ENG)
RA Smith (ENG)
MJ Prior (ENG)
IJL Trott (ENG)
A Flintoff (ENG)
DL Amiss (ENG)
AW Greig (ENG)
EH Hendren (ENG)
GA Hick (ENG)
FE Woolley (ENG)
KWR Fletcher (ENG)
M Leyland (ENG)
SCJ Broad (ENG)
C Washbrook (ENG)
BL D'Oliveira (ENG)
DW Randall (ENG)
WJ Edrich (ENG)
TG Evans (ENG)
JM Bairstow (ENG)
LEG Ames (ENG)
MR Ramprakash (ENG)
W Rhodes (ENG)
TE Bailey (ENG)
MJK Smith (ENG)
PE Richardson (ENG)
TW Hayward (ENG)
G Pullar (ENG)
JM Parks (ENG)
AC MacLaren (ENG)
MM Ali (ENG)
BA Stokes (ENG)
RC Russell (ENG)
PH Parfitt (ENG)
RES Wyatt (ENG)
R Illingworth (ENG)
JP Crawley (ENG)
CJ Tavare (ENG)
JE Emburey (ENG)
MH Denness (ENG)
BC Broad (ENG)
JT Tyldesley (ENG)
J Hardstaff jnr (ENG)
RT Robinson (ENG)
E Paynter (ENG)
RW Barber (ENG)
FJ Titmus (ENG)
JM Brearley (ENG)
AF Giles (ENG)
Hon.FS Jackson (ENG)
GS Ballance (ENG)
RT Simpson (ENG)
GP Swann (ENG)
G Fowler (ENG)
BW Luckhurst (ENG)
DR Jardine (ENG)
A Shrewsbury snr (ENG)
CB Fry (ENG)
G Miller (ENG)
MW Tate (ENG)
CP Mead (ENG)
P Willey (ENG)
GO Jones (ENG)
Rev.DS Sheppard (ENG)
RW Taylor (ENG)
G Gunn (ENG)
CC Lewis (ENG)
CJ Barnett (ENG)
WG Grace (ENG)
JM Anderson (ENG)
RA Woolmer (ENG)
C White (ENG)
AE Stoddart (ENG)
KS Duleepsinhji (ENG)
GE Tyldesley (ENG)
KS Ranjitsinhji (ENG)
LC Braund (ENG)
R Subba Row (ENG)
FS Trueman (ENG)
JWHT Douglas (ENG)
G Ulyett (ENG)
DL Underwood (ENG)
PAJ DeFreitas (ENG)
APF Chapman (ENG)
CWJ Athey (ENG)
DA Allen (ENG)
CAG Russell (ENG)
AFA Lilley (ENG)
DB Close (ENG)
JDB Robertson (ENG)
A Sandham (ENG)
W Watson (ENG)
PH Edmonds (ENG)
DG Cork (ENG)
AR Caddick (ENG)
GRJ Roope (ENG)
D Gough (ENG)
CM Old (ENG)
RGD Willis (ENG)
J Briggs (ENG)
BR Knight (ENG)
NWD Yardley (ENG)
AJ Watkins (ENG)
JW Hearne (ENG)
GH Hirst (ENG)
PJ Sharpe (ENG)
PR Downton (ENG)
JC Buttler (ENG)
CF Walters (ENG)
NRD Compton (ENG)
RWT Key (ENG)
JA Snow (ENG)
GOB Allen (ENG)
R Abel (ENG)
SJ Harmison (ENG)
GAR Lock (ENG)
FR Brown (ENG)
W Barnes (ENG)
WW Read (ENG)
NV Knight (ENG)
AV Bedser (ENG)
EJG Morgan (ENG)
DR Pringle (ENG)
FL Fane (ENG)
JC Laker (ENG)
JB Statham (ENG)
DS Steele (ENG)
H Verity (ENG)
W Bates (ENG)
C Milburn (ENG)
JH Wardle (ENG)
PF Warner (ENG)
RWV Robins (ENG)
JT Ikin (ENG)
RE Foster (ENG)
AG Steel (ENG)
RG Barlow (ENG)
CR Woakes (ENG)
PA Gibb (ENG)
RS Bopara (ENG)
TT Bresnan (ENG)
AD Hales (ENG)
GL Jessop (ENG)
D Lloyd (ENG)
GR Dilley (ENG)
WH Scotton (ENG)
JT Murray (ENG)
JB Bolus (ENG)
W Larkins (ENG)
A Ward (ENG)
H Larwood (ENG)
CT Radley (ENG)
RH Spooner (ENG)
MJ Hoggard (ENG)
JT Brown (ENG)
JN Crawford (ENG)
JM Read (ENG)
AR Lewis (ENG)
MD Moxon (ENG)
BH Valentine (ENG)
B Wood (ENG)
TR Ambrose (ENG)
NA Foster (ENG)
R Peel (ENG)
D Denton (ENG)
GG Arnold (ENG)
RDB Croft (ENG)
AE Relf (ENG)
AH Bakewell (ENG)
DJ Insole (ENG)
JH Hampshire (ENG)
W Gunn (ENG)
CL Smith (ENG)
ARC Fraser (ENG)
MJ Stewart (ENG)
EE Hemmings (ENG)
PGH Fender (ENG)
FG Mann (ENG)
DJ Capel (ENG)
WGA Parkhouse (ENG)
IDK Salisbury (ENG)
WE Russell (ENG)
CMW Read (ENG)
BC Rose (ENG)
P Holmes (ENG)
MS Nichols (ENG)
RT Spooner (ENG)
P Lever (ENG)
MA Carberry (ENG)
Lord Tennyson (ENG)
DJ Brown (ENG)
KL Hutchings (ENG)
SD Robson (ENG)
FR Foster (ENG)
TS Worthington (ENG)
JF Crapp (ENG)
RJ Sidebottom (ENG)
JWA Taylor (ENG)
J Hardstaff snr (ENG)
BN French (ENG)
W Voce (ENG)
JK Lever (ENG)
G Brown (ENG)
GB Legge (ENG)
A Mitchell (ENG)
AU Rashid (ENG)
SJ Rhodes (ENG)
AO Jones (ENG)
DVP Wright (ENG)
CJ Richards (ENG)
FT Mann (ENG)
MC Bird (ENG)
ST Finn (ENG)
JWH Makepeace (ENG)
GJ Thompson (ENG)
OA Shah (ENG)
A Lyth (ENG)
GC Small (ENG)
GTS Stevens (ENG)
J Selby (ENG)
W Flowers (ENG)
R Swetman (ENG)
EH Bowley (ENG)
NF Druce (ENG)
AJL Hill (ENG)
G Geary (ENG)
VJ Marks (ENG)
FA Lowson (ENG)
FC Hayes (ENG)
JB Mortimore (ENG)
SF Barnes (ENG)
James Langridge (ENG)
JC White (ENG)
LE Plunkett (ENG)
AW Carr (ENG)
DE Malcolm (ENG)
G Duckworth (ENG)
R Kilner (ENG)
WH Lockwood (ENG)
H Strudwick (ENG)
FH Tyson (ENG)
AJ Tudor (ENG)
WG Quaife (ENG)
JS Foster (ENG)
MJL Turnbull (ENG)
MS Panesar (ENG)
NH Fairbrother (ENG)
H Hameed (ENG)
RA Hutton (ENG)
W Storer (ENG)
JA Jameson (ENG)
PJW Allott (ENG)
GA Lohmann (ENG)
JM Vince (ENG)
MA Ealham (ENG)
K Cranston (ENG)
AER Gilligan (ENG)
WW Whysall (ENG)
VWC Jupp (ENG)
KJ Barnett (ENG)
PI Pocock (ENG)
SP Jones (ENG)
CA Milton (ENG)
H Wood (ENG)
G Cook (ENG)
W Brockwell (ENG)
RM Ellison (ENG)
A McGrath (ENG)
RO Jenkins (ENG)
D Kenyon (ENG)
WE Astill (ENG)
J Sharp (ENG)
DW Headley (ENG)
K Higgs (ENG)
MA Wood (ENG)
C Blythe (ENG)
LJ Moon (ENG)
CJ Jordan (ENG)
NGB Cook (ENG)
N Gifford (ENG)
T Richardson (ENG)
NG Cowans (ENG)
EW Dawson (ENG)
C Gladwin (ENG)
J Iddon (ENG)
FGJ Ford (ENG)
KK Jennings (ENG)
M Watkinson (ENG)
CJ Poole (ENG)
EG Arnold (ENG)
T Emmett (ENG)
CH Parkin (ENG)
CT Studd (ENG)
SC Griffith (ENG)
AP Lucas (ENG)
AP Freeman (ENG)
J O'Connor (ENG)
PCR Tufnell (ENG)
EFS Tylecote (ENG)
SR Patel (ENG)
W Attewell (ENG)
AE Fagg (ENG)
GJ Batty (ENG)
J Birkenshaw (ENG)
BJT Bosanquet (ENG)
Lord Harris (ENG)
R Howorth (ENG)
Nawab of Pataudi snr (ENG)
W Place (ENG)
TS Curtis (ENG)
DB Carr (ENG)
PW Jarvis (ENG)
E Wainwright (ENG)
Hon.FSG Calthorpe (ENG)
H Gimblett (ENG)
JR Mason (ENG)
RW Tolchard (ENG)
IJ Ward (ENG)
HR Bromley-Davenport (ENG)
M Hendrick (ENG)
RK Illingworth (ENG)
D Smith (ENG)
PM Walker (ENG)
AD Mullally (ENG)
NE Haig (ENG)
JT Hearne (ENG)
DL Bairstow (ENG)
CW Wright (ENG)
DA Reeve (ENG)
SMJ Woods (ENG)
JG Dewes (ENG)
RJ Bailey (ENG)
AC Smith (ENG)
W Farrimond (ENG)
PJ Martin (ENG)
H Morris (ENG)
RKJ Dawson (ENG)
ERT Holmes (ENG)
S Haigh (ENG)
D Shackleton (ENG)
EJ Smith (ENG)
CT Tremlett (ENG)
GG Macaulay (ENG)
A Shaw (ENG)
BM Duckett (ENG)
PJ Newport (ENG)
SD Udal (ENG)
JH Board (ENG)
CFH Leslie (ENG)
GHT Simpson-Hayward (ENG)
CJ Adams (ENG)
JW Hitch (ENG)
RM Prideaux (ENG)
CIJ Smith (ENG)
CS Cowdrey (ENG)
A Hill (ENG)
N Oldfield (ENG)
IAR Peebles (ENG)
GAE Paine (ENG)
LF Townsend (ENG)
R Clarke (ENG)
G MacGregor (ENG)
HDG Leveson Gower (ENG)
WE Midwinter (ENG)
Hon.A Lyttelton (ENG)
J Hunter (ENG)
AS Kennedy (ENG)
G Bean (ENG)
JG Binks (ENG)
R Pilling (ENG)
F Mitchell (ENG)
MP Maynard (ENG)
ET Smith (ENG)
EG Hayes (ENG)
ND Howard (ENG)
RC Irani (ENG)
JR Gunn (ENG)
U Afzaal (ENG)
W Barber (ENG)
JG Thomas (ENG)
ET Killick (ENG)
AE Knight (ENG)
SI Mahmood (ENG)
WN Slack (ENG)
DM Smith (ENG)
A Wood (ENG)
A Fielder (ENG)
MN Lathwell (ENG)
A Greenwood (ENG)
DCH Townsend (ENG)
GHG Doggart (ENG)
PJ Loader (ENG)
D Wilson (ENG)
JER Gallian (ENG)
HE Dollery (ENG)
EG Wynyard (ENG)
RO Butcher (ENG)
AHH Gilligan (ENG)
SP James (ENG)
JE Morris (ENG)
E Peate (ENG)
GA Smithson (ENG)
NI Thomson (ENG)
H Jupp (ENG)
CP Schofield (ENG)
PM Such (ENG)
LA Dawson (ENG)
WS Lees (ENG)
JSE Price (ENG)
WR Cuttell (ENG)
AJ Hollioake (ENG)
SJ Staples (ENG)
JH King (ENG)
HRJ Charlwood (ENG)
H Philipson (ENG)
Hon.IFW Bligh (ENG)
Harry Elliott (ENG)
AE Moss (ENG)
MJ Horton (ENG)
DV Lawrence (ENG)
G Millman (ENG)
RL Johnson (ENG)
TC O'Brien (ENG)
CA Absolom (ENG)
K Farnes (ENG)
FW Milligan (ENG)
WW Keeton (ENG)
K Taylor (ENG)
Lord Hawke (ENG)
FH Sugg (ENG)
DJ Knight (ENG)
JT Ball (ENG)
SP Kinneir (ENG)
R Appleyard (ENG)
MR Benson (ENG)
AE Dipper (ENG)
DEV Padgett (ENG)
CL Townsend (ENG)
F Penn (ENG)
R Tattersall (ENG)
ZS Ansari (ENG)
LCH Palairet (ENG)
F Ridgway (ENG)
W Chatterton (ENG)
LB Fishlock (ENG)
F Hearne (ENG)
RK Tyldesley (ENG)
AW Wellard (ENG)
MW Booth (ENG)
DL Maddy (ENG)
K Shuttleworth (ENG)
J Vine (ENG)
MP Bicknell (ENG)
MM Patel (ENG)
JC Tredwell (ENG)
BC Hollioake (ENG)
J Humphries (ENG)
JW Sharpe (ENG)
CP Buckenham (ENG)
HI Young (ENG)
C Hallows (ENG)
RD Jackman (ENG)
CEM Wilson (ENG)
GA Cope (ENG)
BAF Grieve (ENG)
E Leadbeater (ENG)
A Ward (ENG)
JC Balderstone (ENG)
IJ Jones (ENG)
CP McGahey (ENG)
J Ormond (ENG)
DR Smith (ENG)
NF Williams (ENG)
LH Gay (ENG)
MJ Hilton (ENG)
WE Hollies (ENG)
EW Clark (ENG)
WL Cornford (ENG)
EM Grace (ENG)
JP Stephenson (ENG)
J Arnold (ENG)
AR Butcher (ENG)
RNS Hobbs (ENG)
JP Taylor (ENG)
T Armitage (ENG)
AJ Fothergill (ENG)
DW Richardson (ENG)
TPB Smith (ENG)
RJ Kirtley (ENG)
AG Archer (ENG)
J Cranston (ENG)
JA Flavell (ENG)
GB Studd (ENG)
HTW Hardinge (ENG)
WK Hegg (ENG)
G Onions (ENG)
FE Rumsey (ENG)
M Sherwin (ENG)
KV Andrew (ENG)
JH Parks (ENG)
CEW Silverwood (ENG)
F Barratt (ENG)
WE Bowes (ENG)
MC Ilott (ENG)
J Shuter (ENG)
GB Stevenson (ENG)
JA Young (ENG)
RMH Cottam (ENG)
J Lewis (ENG)
RA Young (ENG)
TW Cartwright (ENG)
IA Greig (ENG)
A Habib (ENG)
JW Martin (ENG)
W Newham (ENG)
MP Bowden (ENG)
TA Munton (ENG)
TF Smailes (ENG)
DV Smith (ENG)
SL Watkin (ENG)
NA Knox (ENG)
AM Miller (ENG)
VA Barton (ENG)
WM Bradley (ENG)
AE Trott (ENG)
HR Butt (ENG)
CH Palmer (ENG)
W Brearley (ENG)
AN Hornby (ENG)
MJ McCague (ENG)
DJ Pattinson (ENG)
NV Radford (ENG)
VPFA Royle (ENG)
TB Mitchell (ENG)
SS Schultz (ENG)
MF Tremlett (ENG)
A Wharton (ENG)
A Coxon (ENG)
HW Lee (ENG)
AJW McIntyre (ENG)
AJ Evans (ENG)
C Heseltine (ENG)
JE McConnon (ENG)
GD Barlow (ENG)
D Brookes (ENG)
S Christopherson (ENG)
AD Pougher (ENG)
DV Brennan (ENG)
JJ Ferris (ENG)
JDF Larter (ENG)
James Lillywhite jnr (ENG)
JM Sims (ENG)
VP Terry (ENG)
A Waddington (ENG)
HJ Butler (ENG)
JC Hartley (ENG)
H Howell (ENG)
HL Jackson (ENG)
MWW Selvey (ENG)
MJC Allom (ENG)
F Martin (ENG)
ASM Oakman (ENG)
NC Tufnell (ENG)
GF Vernon (ENG)
Hon.CJ Coventry (ENG)
TWJ Goddard (ENG)
L Hone (ENG)
PWG Parker (ENG)
R Pollard (ENG)
WB Rankin (ENG)
RT Stanyforth (ENG)
JL Hopwood (ENG)
WL Murdoch (ENG)
ACS Pigott (ENG)
SJE Brown (ENG)
GB Street (ENG)
JJ Whitaker (ENG)
JP Agnew (ENG)
Kabir Ali (ENG)
H Dean (ENG)
GM Emmett (ENG)
ESH Giddins (ENG)
TA Lloyd (ENG)
KE Palmer (ENG)
ER Wilson (ENG)
LJ Coldwell (ENG)
A Hearne (ENG)
FW Tate (ENG)
FJ Durston (ENG)
NA Mallender (ENG)
GH Pope (ENG)
RJ Blakey (ENG)
WHV Levett (ENG)
W Mead (ENG)
H Smith (ENG)
J Southerton (ENG)
A Warren (ENG)
GEC Wood (ENG)
R Berry (ENG)
WH Copson (ENG)
AP Igglesden (ENG)
F Morley (ENG)
WFF Price (ENG)
TL Richmond (ENG)
RA Sinfield (ENG)
R Wood (ENG)
SG Borthwick (ENG)
A Ducat (ENG)
FA MacKinnon (ENG)
NS Mitchell-Innes (ENG)
A Shahzad (ENG)
ID Blackwell (ENG)
C Cook (ENG)
T Greenhough (ENG)
AM Smith (ENG)
JJ Warr (ENG)
AJ Webbe (ENG)
A Brown (ENG)
CWL Parker (ENG)
RTD Perks (ENG)
CA Smith (ENG)
AP Wells (ENG)
LL Wilkinson (ENG)
JH Childs (ENG)
AR Gover (ENG)
ADG Matthews (ENG)
A Sidebottom (ENG)
A Dolphin (ENG)
SC Kerrigan (ENG)
MJ Saggers (ENG)
LB Taylor (ENG)
JE Benjamin (ENG)
DW Carr (ENG)
GF Grace (ENG)
GM Hamilton (ENG)
GG Hearne (ENG)
JEP McMaster (ENG)
CS Marriott (ENG)
AW Mold (ENG)
HJ Rhodes (ENG)
EJ Tyler (ENG)
DW White (ENG)
JC Clay (ENG)
A Khan (ENG)
JCW MacBryan (ENG)
HD Read (ENG)
CF Root (ENG)
SR Tendulkar (IND)
R Dravid (IND)
SM Gavaskar (IND)
VVS Laxman (IND)
V Sehwag (IND)
SC Ganguly (IND)
DB Vengsarkar (IND)
M Azharuddin (IND)
GR Viswanath (IND)
N Kapil Dev (IND)
MS Dhoni (IND)
V Kohli (IND)
M Amarnath (IND)
G Gambhir (IND)
RJ Shastri (IND)
CA Pujara (IND)
PR Umrigar (IND)
M Vijay (IND)
VL Manjrekar (IND)
NS Sidhu (IND)
CG Borde (IND)
MAK Pataudi (IND)
SMH Kirmani (IND)
FM Engineer (IND)
AM Rahane (IND)
A Kumble (IND)
P Roy (IND)
Harbhajan Singh (IND)
VS Hazare (IND)
AL Wadekar (IND)
MH Mankad (IND)
CPS Chauhan (IND)
K Srikkanth (IND)
ML Jaisimha (IND)
SV Manjrekar (IND)
DN Sardesai (IND)
AD Gaekwad (IND)
W Jaffer (IND)
R Ashwin (IND)
Yuvraj Singh (IND)
NJ Contractor (IND)
Yashpal Sharma (IND)
M Prabhakar (IND)
SM Patil (IND)
S Dhawan (IND)
NR Mongia (IND)
RG Nadkarni (IND)
S Ramesh (IND)
SS Das (IND)
KS More (IND)
RF Surti (IND)
Z Khan (IND)
DG Phadkar (IND)
SA Durani (IND)
KL Rahul (IND)
RG Sharma (IND)
GS Ramchand (IND)
IK Pathan (IND)
VG Kambli (IND)
ED Solkar (IND)
RA Jadeja (IND)
S Madan Lal (IND)
S Abid Ali (IND)
WP Saha (IND)
J Srinath (IND)
KD Karthik (IND)
AV Mankad (IND)
BK Kunderan (IND)
BP Patel (IND)
KD Ghavri (IND)
L Amarnath (IND)
PA Patel (IND)
HR Adhikari (IND)
VM Merchant (IND)
RMH Binny (IND)
SK Raina (IND)
S Venkataraghavan (IND)
RS Modi (IND)
EAS Prasanna (IND)
J Arun Lal (IND)
Hanumant Singh (IND)
BS Bedi (IND)
A Mishra (IND)
M Kaif (IND)
S Mushtaq Ali (IND)
A Jadeja (IND)
AB Agarkar (IND)
I Sharma (IND)
S Amarnath (IND)
ML Apte (IND)
SB Bangar (IND)
WV Raman (IND)
A Chopra (IND)
B Kumar (IND)
AA Baig (IND)
PK Amre (IND)
AG Kripal Singh (IND)
RB Desai (IND)
NS Yadav (IND)
C Sharma (IND)
KK Nair (IND)
SB Joshi (IND)
DK Gaekwad (IND)
CK Nayudu (IND)
D Dasgupta (IND)
VL Mehra (IND)
L Amar Singh (IND)
S Sreesanth (IND)
V Subramanya (IND)
Arshad Ayub (IND)
Dilawar Hussain (IND)
RB Kenny (IND)
CD Gopinath (IND)
SLV Raju (IND)
S Wazir Ali (IND)
Mohammed Shami (IND)
JM Ghorpade (IND)
J Yadav (IND)
A Mukund (IND)
AO Malhotra (IND)
NS Tamhane (IND)
BS Sandhu (IND)
CT Sarwate (IND)
PG Joshi (IND)
DJ Gandhi (IND)
BKV Prasad (IND)
UT Yadav (IND)
STR Binny (IND)
Ghulam Ahmed (IND)
PH Sharma (IND)
SP Gupte (IND)
RH Shodhan (IND)
CS Pandit (IND)
C Ramaswami (IND)
KC Ibrahim (IND)
BS Chandrasekhar (IND)
Gul Mohammad (IND)
PK Sen (IND)
PH Punjabi (IND)
A Ratra (IND)
P Kumar (IND)
CS Nayudu (IND)
SS Dighe (IND)
SS Naik (IND)
Surendranath (IND)
KBJ Azad (IND)
V Rathour (IND)
L Sivaramakrishnan (IND)
DR Doshi (IND)
CV Gadkari (IND)
A Mithun (IND)
RP Singh (IND)
HS Kanitkar (IND)
Yajurvindra Singh (IND)
Naoomal Jaoomal (IND)
MSK Prasad (IND)
LS Rajput (IND)
R Lamba (IND)
Maninder Singh (IND)
RK Chauhan (IND)
AR Kapoor (IND)
HK Badani (IND)
AS Wassan (IND)
AG Milkha Singh (IND)
AK Roy (IND)
G Kishenchand (IND)
PP Ojha (IND)
M Kartik (IND)
SG Shinde (IND)
Yuvraj of Patiala (IND)
SW Sohoni (IND)
AH Kardar (IND)
RD Parkar (IND)
P Bhandari (IND)
A Nehra (IND)
HH Kanitkar (IND)
DD Hindlekar (IND)
P Roy (IND)
SHM Colah (IND)
MK Mantri (IND)
A Kuruvilla (IND)
S Badrinath (IND)
RV Divecha (IND)
MM Patel (IND)
PL Mhambrey (IND)
MS Hardikar (IND)
NV Ojha (IND)
SK Sharma (IND)
M Nissar (IND)
Nawab of Pataudi snr (IND)
A Gandotra (IND)
ND Hirwani (IND)
AK Sharma (IND)
L Balaji (IND)
KS Indrajitsinhji (IND)
TE Srinivasan (IND)
VRV Singh (IND)
MV Narasimha Rao (IND)
Lall Singh (IND)
Sarandeep Singh (IND)
JG Navle (IND)
VB Ranjane (IND)
SV Bahutule (IND)
M Jahangir Khan (IND)
B Reddy (IND)
VR Aaron (IND)
P Krishnamurthy (IND)
KM Rangnekar (IND)
Vizianagram (IND)
S Viswanath (IND)
S Nazir Ali (IND)
V Yadav (IND)
PE Palia (IND)
IR Siddiqui (IND)
BP Gupte (IND)
R Vijay Bharadwaj (IND)
RR Singh (IND)
K Rai Singh (IND)
D Ganesh (IND)
JM Patel (IND)
RC Saxena (IND)
HG Gaekwad (IND)
LP Jai (IND)
SV Nayak (IND)
MJ Gopalan (IND)
Gursharan Singh (IND)
Amir Elahi (IND)
S Guha (IND)
M Baqa Jilani (IND)
AL Apte (IND)
SS Karim (IND)
MR Rege (IND)
CT Patankar (IND)
SR Patil (IND)
SN Banerjee (IND)
UN Kulkarni (IND)
RR Powar (IND)
T Yohannan (IND)
GM Guard (IND)
VM Muddiah (IND)
G Sharma (IND)
R Vinay Kumar (IND)
AM Pai (IND)
Pankaj Singh (IND)
B Yograj Singh (IND)
AK Sengupta (IND)
DJ Johnson (IND)
CR Rangachari (IND)
KV Sharma (IND)
N Chopra (IND)
Kuldeep Yadav (IND)
S Nyalchand (IND)
GAHM Parkar (IND)
SA Ankola (IND)
AR Bhat (IND)
PP Chawla (IND)
Harvinder Singh (IND)
VV Kumar (IND)
Rajinder Pal (IND)
V Razdan (IND)
RJD Jamshedji (IND)
HK Jayantilal (IND)
NM Kulkarni (IND)
B Arun (IND)
ST Banerjee (IND)
NR Chowdhury (IND)
JK Irani (IND)
MM Sood (IND)
GR Sunderam (IND)
V Dahiya (IND)
RR Kulkarni (IND)
ES Maka (IND)
RL Sanghvi (IND)
KK Tarapore (IND)
JD Unadkat (IND)
DD Parsana (IND)
L Ramji (IND)
SA Banerjee (IND)
KR Meherhomji (IND)
DS Mohanty (IND)
RGM Patel (IND)
TAP Sekhar (IND)
R Singh (IND)
M Venkataramana (IND)
HT Dani (IND)
V Rajindernath (IND)
RC Shukla (IND)
VN Swamy (IND)
SP Fleming (NZL)
BB McCullum (NZL)
LRPL Taylor (NZL)
MD Crowe (NZL)
JG Wright (NZL)
KS Williamson (NZL)
NJ Astle (NZL)
DL Vettori (NZL)
BE Congdon (NZL)
JR Reid (NZL)
CL Cairns (NZL)
Sir RJ Hadlee (NZL)
CD McMillan (NZL)
GM Turner (NZL)
AH Jones (NZL)
AC Parore (NZL)
MH Richardson (NZL)
B Sutcliffe (NZL)
BJ Watling (NZL)
MG Burgess (NZL)
JV Coney (NZL)
MJ Guptill (NZL)
GP Howarth (NZL)
KR Rutherford (NZL)
GT Dowling (NZL)
TWM Latham (NZL)
BA Young (NZL)
MJ Greatbatch (NZL)
BA Edgar (NZL)
IDS Smith (NZL)
MJ Horne (NZL)
JDP Oram (NZL)
MS Sinclair (NZL)
JJ Crowe (NZL)
SB Styris (NZL)
BF Hastings (NZL)
JM Parker (NZL)
L Vincent (NZL)
TG Southee (NZL)
JF Reid (NZL)
JD Ryder (NZL)
V Pollard (NZL)
DN Patel (NZL)
BW Sinclair (NZL)
DR Flynn (NZL)
KJ Wadsworth (NZL)
JG Bracewell (NZL)
PG Fulton (NZL)
SA Thomson (NZL)
BL Cairns (NZL)
CM Spearman (NZL)
BR Taylor (NZL)
SN McGregor (NZL)
TG McIntosh (NZL)
TJ Franklin (NZL)
AR MacGibbon (NZL)
JEC Franklin (NZL)
WK Lees (NZL)
CZ Harris (NZL)
JM How (NZL)
HD Rutherford (NZL)
RW Morgan (NZL)
MD Bell (NZL)
DJ Nash (NZL)
CS Dempster (NZL)
DG Brownlie (NZL)
JDS Neesham (NZL)
CJ Anderson (NZL)
BA Pocock (NZL)
JFM Morrison (NZL)
HJH Marshall (NZL)
RG Twose (NZL)
TW Jarvis (NZL)
RC Motz (NZL)
HM Nicholls (NZL)
BAG Murray (NZL)
MD Craig (NZL)
MP Donnelly (NZL)
SB Doull (NZL)
DAJ Bracewell (NZL)
GO Rabone (NZL)
WA Hadlee (NZL)
RO Collinge (NZL)
DR Hadlee (NZL)
ME Chapple (NZL)
JA Raval (NZL)
ML Page (NZL)
BW Yuile (NZL)
TA Boult (NZL)
MJ Santner (NZL)
VJ Scott (NZL)
TE Blain (NZL)
CD Cumming (NZL)
JW Guy (NZL)
WM Wallace (NZL)
DR Tuffey (NZL)
RW Anderson (NZL)
HG Vivian (NZL)
GL Weir (NZL)
JEF Beck (NZL)
N Wagner (NZL)
LK Germon (NZL)
JS Patel (NZL)
DK Morrison (NZL)
PGZ Harris (NZL)
GN Edwards (NZL)
AE Dick (NZL)
PJ Wiseman (NZL)
IS Sodhi (NZL)
MB Poore (NZL)
MN Hart (NZL)
JG Leggat (NZL)
LSM Miller (NZL)
FLH Mooney (NZL)
CFK van Wyk (NZL)
RC Blunt (NZL)
AM Moir (NZL)
MC Snedden (NZL)
AJ Redmond (NZL)
L Ronchi (NZL)
BR Hartland (NZL)
DJ Murray (NZL)
RS Cunis (NZL)
HJ Howarth (NZL)
KD Mills (NZL)
PT Barton (NZL)
GR Stead (NZL)
JC Alabaster (NZL)
MJF Shrimpton (NZL)
GA Bartlett (NZL)
RG Hart (NZL)
EC Petrie (NZL)
ADG Roberts (NZL)
TB Burtt (NZL)
EJ Gray (NZL)
AW Roberts (NZL)
MHW Papps (NZL)
JE Mills (NZL)
FB Smith (NZL)
HB Cave (NZL)
NS Harford (NZL)
JT Sparling (NZL)
TC Lowry (NZL)
RT Latham (NZL)
IE O'Brien (NZL)
JAH Marshall (NZL)
MJ Henry (NZL)
JL Kerr (NZL)
SL Boock (NZL)
RH Vance (NZL)
C de Grandhomme (NZL)
JTC Vaughan (NZL)
SG Gedye (NZL)
RW Blair (NZL)
EJ Chatfield (NZL)
C Pringle (NZL)
RA Young (NZL)
SE Bond (NZL)
ML Su'a (NZL)
RE Redmond (NZL)
DD Taylor (NZL)
DR O'Sullivan (NZL)
DAR Moloney (NZL)
WR Playle (NZL)
FT Badcock (NZL)
JW D'Arcy (NZL)
GR Larsen (NZL)
IB Cromb (NZL)
CS Martin (NZL)
BGK Walker (NZL)
FJ Cameron (NZL)
CFW Allcott (NZL)
GE Vivian (NZL)
DA Stirling (NZL)
EW Dempster (NZL)
GE Bradburn (NZL)
SB O'Connor (NZL)
DD Beard (NZL)
SC Guillen (NZL)
PE McEwan (NZL)
K Thomson (NZL)
J Cowie (NZL)
NM Parker (NZL)
GD Elliott (NZL)
IG Butler (NZL)
MR Gillespie (NZL)
JT Ward (NZL)
BP Martin (NZL)
JA Hayes (NZL)
WE Merritt (NZL)
EWT Tindill (NZL)
GJ Hopkins (NZL)
PA Horne (NZL)
PE Whitelaw (NZL)
WP Bradburn (NZL)
KW Hough (NZL)
PJ Ingram (NZL)
W Watson (NZL)
BA Bolton (NZL)
MW Priest (NZL)
GP Bilby (NZL)
GB Troup (NZL)
KC James (NZL)
VR Brown (NZL)
HM McGirr (NZL)
RWG Emery (NZL)
BJ Arnel (NZL)
RP de Groen (NZL)
TD Astle (NZL)
JA Dunning (NZL)
EM Meuli (NZL)
PJ Petherick (NZL)
J Newman (NZL)
NT Broom (NZL)
N Gallichan (NZL)
GR Dickinson (NZL)
RM Harris (NZL)
N Puna (NZL)
DJ White (NZL)
PB Truscott (NZL)
SR Gillespie (NZL)
RJ Kennedy (NZL)
RJ Nicol (NZL)
GI Allott (NZL)
AJ McKay (NZL)
IM Sinclair (NZL)
BP Bracewell (NZL)
FE Fisher (NZL)
RA Jones (NZL)
B Andrews (NZL)
W Bell (NZL)
T Meale (NZL)
HT Davis (NZL)
DC Cleverley (NZL)
AR Adams (NZL)
EG McLeod (NZL)
RH Scott (NZL)
RT Barber (NZL)
MB Owens (NZL)
C Munro (NZL)
GF Cresswell (NZL)
KP Walmsley (NZL)
GK Robertson (NZL)
MG Webb (NZL)
PN Webb (NZL)
CJ Drum (NZL)
BD Morrison (NZL)
M Henderson (NZL)
DAN McRae (NZL)
BD Milburn (NZL)
GWF Overton (NZL)
RI Harford (NZL)
CM Kuggeleijn (NZL)
TG McMahon (NZL)
AM Matheson (NZL)
WM Anderson (NZL)
HK Bennett (NZL)
C Burke (NZL)
H Foley (NZL)
MJ Haslam (NZL)
GR Loveridge (NZL)
HD Smith (NZL)
MJ Mason (NZL)
DL Freeman (NZL)
AF Lissette (NZL)
L Watt (NZL)
IA Colquhoun (NZL)
DG Sewell (NZL)
LA Butterfield (NZL)
IB Leggat (NZL)
CG Rowe (NZL)
CA Snedden (NZL)
Younis Khan (PAK)
Javed Miandad (PAK)
Inzamam-ul-Haq (PAK)
Mohammad Yousuf (PAK)
Saleem Malik (PAK)
Zaheer Abbas (PAK)
Misbah-ul-Haq (PAK)
Azhar Ali (PAK)
Mudassar Nazar (PAK)
Saeed Anwar (PAK)
Majid Khan (PAK)
Hanif Mohammad (PAK)
Imran Khan (PAK)
Mushtaq Mohammad (PAK)
Asif Iqbal (PAK)
Mohammad Hafeez (PAK)
Asad Shafiq (PAK)
Ijaz Ahmed (PAK)
Saeed Ahmed (PAK)
Taufeeq Umar (PAK)
Wasim Akram (PAK)
Rameez Raja (PAK)
Aamer Sohail (PAK)
Wasim Raja (PAK)
Moin Khan (PAK)
Mohsin Khan (PAK)
Shoaib Mohammad (PAK)
Kamran Akmal (PAK)
Sadiq Mohammad (PAK)
Imran Farhat (PAK)
Imtiaz Ahmed (PAK)
Sarfraz Ahmed (PAK)
Abdul Razzaq (PAK)
Shoaib Malik (PAK)
Salman Butt (PAK)
Shahid Afridi (PAK)
Qasim Umar (PAK)
Intikhab Alam (PAK)
Yasir Hameed (PAK)
Rashid Latif (PAK)
Wasim Bari (PAK)
Javed Burki (PAK)
Haroon Rasheed (PAK)
Faisal Iqbal (PAK)
Alimuddin (PAK)
Waqar Hasan (PAK)
Saleem Yousuf (PAK)
Sarfraz Nawaz (PAK)
Abdul Qadir (PAK)
Waqar Younis (PAK)
Umar Akmal (PAK)
Asif Mujtaba (PAK)
Saqlain Mushtaq (PAK)
Azhar Mahmood (PAK)
Ahmed Shehzad (PAK)
Basit Ali (PAK)
AH Kardar (PAK)
Khurram Manzoor (PAK)
Wazir Mohammad (PAK)
W Mathias (PAK)
Mohammad Wasim (PAK)
Nasim-ul-Ghani (PAK)
Asim Kamal (PAK)
Sami Aslam (PAK)
Mushtaq Ahmed (PAK)
Mansoor Akhtar (PAK)
Fazal Mahmood (PAK)
Adnan Akmal (PAK)
Umar Gul (PAK)
Aamer Malik (PAK)
Iqbal Qasim (PAK)
Mohammad Amir (PAK)
Shoaib Akhtar (PAK)
Maqsood Ahmed (PAK)
Taslim Arif (PAK)
Mohammad Sami (PAK)
Saeed Ajmal (PAK)
Mohammad Ilyas (PAK)
Saleem Elahi (PAK)
Shan Masood (PAK)
Imran Nazir (PAK)
Abdur Rehman (PAK)
Shujauddin (PAK)
Talat Ali (PAK)
Danish Kaneria (PAK)
Rizwan-uz-Zaman (PAK)
Mahmood Hussain (PAK)
Yasir Shah (PAK)
Wajahatullah Wasti (PAK)
Tauseef Ahmed (PAK)
Babar Azam (PAK)
Tahir Naqqash (PAK)
Zahid Fazal (PAK)
Ijaz Butt (PAK)
Nazar Mohammad (PAK)
Saleem Altaf (PAK)
Wahab Riaz (PAK)
Abdul Kadir (PAK)
Khalid Ibadulla (PAK)
Sohail Khan (PAK)
Fawad Alam (PAK)
Ali Naqvi (PAK)
Naved-ul-Hasan (PAK)
Hasan Raza (PAK)
Ashraf Ali (PAK)
Shafqat Rana (PAK)
Zulfiqar Ahmed (PAK)
Shahid Nazir (PAK)
Ijaz Faqih (PAK)
Aftab Gul (PAK)
Younis Ahmed (PAK)
Tanvir Ahmed (PAK)
Anil Dalpat (PAK)
Naushad Ali (PAK)
Rashid Khan (PAK)
Akram Raza (PAK)
Shadab Kabir (PAK)
Sikander Bakht (PAK)
Mohammad Nazir (PAK)
Zulfiqar Babar (PAK)
Mohammad Asif (PAK)
Rahat Ali (PAK)
Azeem Hafeez (PAK)
DA Sharpe (PAK)
Manzoor Elahi (PAK)
Pervez Sajjad (PAK)
Junaid Khan (PAK)
Salahuddin (PAK)
Aaqib Javed (PAK)
Khan Mohammad (PAK)
Shafiq Ahmed (PAK)
Umar Amin (PAK)
Aftab Baloch (PAK)
Yasir Arafat (PAK)
Asif Masood (PAK)
Shabbir Ahmed (PAK)
Zulqarnain Haider (PAK)
Mohammad Farooq (PAK)
Ata-ur-Rehman (PAK)
A D'Souza (PAK)
Shakeel Ahmed jnr (PAK)
Bilawal Bhatti (PAK)
Afaq Hussain (PAK)
Amir Elahi (PAK)
Naved Ashraf (PAK)
Mohammad Munaf (PAK)
Haseeb Ahsan (PAK)
Arif Butt (PAK)
Humayun Farhat (PAK)
Abdur Rauf (PAK)
Fazl-e-Akbar (PAK)
Nasir Jamshed (PAK)
Mohammad Nawaz (3) (PAK)
Azmat Rana (PAK)
Mohammad Ayub (PAK)
Nadeem Abbasi (PAK)
Naved Anjum (PAK)
Sharjeel Khan (PAK)
Anwar Hussain (PAK)
Saleem Jaffar (PAK)
Gul Mohammad (PAK)
Masood Anwar (PAK)
Mohsin Kamal (PAK)
Mohammad Ramzan (PAK)
Mohammad Aslam (PAK)
Mohammad Talha (PAK)
Nadeem Khan (PAK)
Farhan Adil (PAK)
Israr Ali (PAK)
Bazid Khan (PAK)
MEZ Ghazali (PAK)
Aamer Nazir (PAK)
Arshad Khan (PAK)
Zahoor Elahi (PAK)
Ijaz Ahmed jnr (PAK)
Liaqat Ali (PAK)
Mohammad Irfan (PAK)
Atiq-uz-Zaman (PAK)
Atif Rauf (PAK)
Mohammad Salman (PAK)
Shahid Mahmood (PAK)
Kabir Khan (PAK)
Mohammad Akram (PAK)
Zulqarnain (PAK)
Ehsan Adil (PAK)
Naved Latif (PAK)
Mohammad Hussain (PAK)
Khalid Hasan (PAK)
Niaz Ahmed (PAK)
Sohail Tanvir (PAK)
Agha Zahid (PAK)
Anwar Khan (PAK)
Azam Khan (PAK)
Azhar Khan (PAK)
Khalid Wazir (PAK)
Mohammad Rizwan (PAK)
Ghulam Abbas (PAK)
Shahid Saeed (PAK)
SF Rehman (PAK)
Iftikhar Anjum (PAK)
Mohammad Khalil (PAK)
Riaz Afridi (PAK)
Zakir Khan (PAK)
Agha Saadat Ali (PAK)
Mufasir-ul-Haq (PAK)
Mohammad Zahid (PAK)
Munir Malik (PAK)
Shahid Israr (PAK)
Imran Khan (PAK)
Iftikhar Ahmed (PAK)
Irfan Fazil (PAK)
Javed Akhtar (PAK)
Farooq Hamid (PAK)
Jalal-ud-Din (PAK)
Ehteshamuddin (PAK)
Qaiser Abbas (PAK)
Aizaz Cheema (PAK)
Ashfaq Ahmed (PAK)
Miran Bakhsh (PAK)
Shakeel Ahmed snr (PAK)
Yasir Ali (PAK)
Nadeem Ghauri (PAK)
Ali Hussain Rizvi (PAK)
Farrukh Zaman (PAK)
Shahid Mahboob (PAK)
JH Kallis (RSA)
GC Smith (RSA)
AB de Villiers (RSA)
HM Amla (RSA)
G Kirsten (RSA)
HH Gibbs (RSA)
MV Boucher (RSA)
DJ Cullinan (RSA)
SM Pollock (RSA)
WJ Cronje (RSA)
AG Prince (RSA)
B Mitchell (RSA)
ND McKenzie (RSA)
AD Nourse (RSA)
HW Taylor (RSA)
JA Rudolph (RSA)
JN Rhodes (RSA)
EJ Barlow (RSA)
TL Goddard (RSA)
DJ McGlew (RSA)
F du Plessis (RSA)
JHB Waite (RSA)
RG Pollock (RSA)
AW Nourse (RSA)
RA McLean (RSA)
AN Petersen (RSA)
JP Duminy (RSA)
AC Hudson (RSA)
D Elgar (RSA)
BM McMillan (RSA)
EAB Rowan (RSA)
L Klusener (RSA)
GA Faulkner (RSA)
HH Dippenaar (RSA)
KC Bland (RSA)
WR Endean (RSA)
RH Catterall (RSA)
KG Viljoen (RSA)
DJ Richardson (RSA)
Q de Kock (RSA)
N Boje (RSA)
HB Cameron (RSA)
DW Steyn (RSA)
DT Lindsay (RSA)
JH Sinclair (RSA)
KC Wessels (RSA)
VD Philander (RSA)
SJ Snooke (RSA)
JW Zulch (RSA)
IJ Siedle (RSA)
A Melville (RSA)
JE Cheetham (RSA)
GC White (RSA)
HJ Tayfield (RSA)
T Bavuma (RSA)
AM Bacher (RSA)
KJ Funston (RSA)
M Morkel (RSA)
AJ Pithey (RSA)
AJ Hall (RSA)
PL Symcox (RSA)
CB van Ryneveld (RSA)
M Ntini (RSA)
EL Dalton (RSA)
A Bacher (RSA)
DPB Morkel (RSA)
AA Donald (RSA)
SC Cook (RSA)
HG Deane (RSA)
PN Kirsten (RSA)
JAJ Christy (RSA)
JC Watkins (RSA)
PM Pollock (RSA)
HR Lance (RSA)
CB Llewellyn (RSA)
PL van der Merwe (RSA)
LJ Tancred (RSA)
CL Vincent (RSA)
WW Wade (RSA)
BA Richards (RSA)
RJ Peterson (RSA)
PL Harris (RSA)
PGV van der Bijl (RSA)
TA Ward (RSA)
JM Blanckenberg (RSA)
PW Sherwell (RSA)
NBF Mann (RSA)
M van Jaarsveld (RSA)
S van Zyl (RSA)
RO Schwarz (RSA)
PR Adams (RSA)
PS de Villiers (RSA)
SJ Pegler (RSA)
JMM Commaille (RSA)
PNF Mansell (RSA)
WA Shalders (RSA)
BL Irvine (RSA)
CR Matthews (RSA)
EP Nupen (RSA)
LA Stricker (RSA)
AEE Vogler (RSA)
A Nel (RSA)
HF Wade (RSA)
GM Fullerton (RSA)
CMH Hathorn (RSA)
HJ Keith (RSA)
Q McMillan (RSA)
PAM Hands (RSA)
ACB Langton (RSA)
S O'Linn (RSA)
OC Dawson (RSA)
AMB Rowan (RSA)
ARA Murray (RSA)
MJ Susskind (RSA)
CM Francois (RSA)
HGO Owen-Smith (RSA)
CN Frank (RSA)
MJ Procter (RSA)
WS Farrer (RSA)
OE Wynne (RSA)
PS Heine (RSA)
PR Carlstein (RSA)
EA Halliwell (RSA)
PL Winslow (RSA)
CP Carter (RSA)
JFW Nicolson (RSA)
XC Balaskas (RSA)
K Rabada (RSA)
SH Curnow (RSA)
WVS Ling (RSA)
JP Fellows-Smith (RSA)
RJ Westcott (RSA)
HD Ackerman (RSA)
Z de Bruyn (RSA)
R Dumbrill (RSA)
JD Nel (RSA)
NAT Adcock (RSA)
GB Lawrence (RSA)
DW Begbie (RSA)
DB Pithey (RSA)
L Tuckett (RSA)
Imran Tahir (RSA)
PJR Steyn (RSA)
JB Commins (RSA)
KA Maharaj (RSA)
WFE Marx (RSA)
RJ Crisp (RSA)
F Hearne (RSA)
RE Grieveson (RSA)
GPD Hartigan (RSA)
SJ Cook (RSA)
AH McKinnon (RSA)
CJE Smith (RSA)
GFJ Liebenberg (RSA)
M Bisset (RSA)
SK Coen (RSA)
TA Harris (RSA)
CH Morris (RSA)
GD Varnals (RSA)
DV Dyer (RSA)
KJ Abbott (RSA)
RP Snell (RSA)
DJ Vilas (RSA)
CE Eksteen (RSA)
T Campbell (RSA)
NA Quinn (RSA)
AB Tancred (RSA)
D Taylor (RSA)
MA Seymour (RSA)
J Botha (RSA)
M Zondeki (RSA)
JM Kemp (RSA)
F Nicholson (RSA)
RM Poore (RSA)
MK Elgie (RSA)
JT Partridge (RSA)
S Elworthy (RSA)
TW Routledge (RSA)
WH Brann (RSA)
R Beaumont (RSA)
AJ Bell (RSA)
MG Melle (RSA)
WH Milton (RSA)
WD Parnell (RSA)
MW Pringle (RSA)
M Hayward (RSA)
JT Botten (RSA)
CW Henderson (RSA)
ERH Fuller (RSA)
GWA Chubb (RSA)
CGD Burger (RSA)
C Newberry (RSA)
HD Bromfield (RSA)
GAL Hearne (RSA)
SR Harmer (RSA)
JA Morkel (RSA)
LE Tapscott (RSA)
JL Ontong (RSA)
COC Pearse (RSA)
O Henry (RSA)
J Middleton (RSA)
RL Harvey (RSA)
JB Robertson (RSA)
C Wesley (RSA)
DL Piedt (RSA)
R McLaren (RSA)
TL Tsolekile (RSA)
FW Smith (RSA)
JH Anderson (RSA)
DJ Meintjes (RSA)
SF Burke (RSA)
OR Dunell (RSA)
HW Chapman (RSA)
HH Francis (RSA)
D Gamsy (RSA)
VI Smith (RSA)
GF Bissett (RSA)
GH Shepstone (RSA)
DEJ Ironside (RSA)
NV Lindsay (RSA)
PC Strydom (RSA)
AP Kuiper (RSA)
AW Briscoe (RSA)
MJ Macaulay (RSA)
JP Duminy (RSA)
CG Halse (RSA)
ES Newson (RSA)
CAR Duckworth (RSA)
CN McCarthy (RSA)
F Mitchell (RSA)
RK Kleinveldt (RSA)
EA van der Merwe (RSA)
F Kuys (RSA)
JE Pothecary (RSA)
GA Rowe (RSA)
GC Viljoen (RSA)
CH Vintcent (RSA)
RG Draper (RSA)
GM Griffin (RSA)
CH Mills (RSA)
VM Tancred (RSA)
AW Seccull (RSA)
D Pretorius (RSA)
SV Samuelson (RSA)
G Cripps (RSA)
GK Glover (RSA)
JD Lindsay (RSA)
F de Wet (RSA)
I Khan (RSA)
LA Markham (RSA)
HV Baumgartner (RSA)
LL Tsotsobe (RSA)
T Shamsi (RSA)
AI Taylor (RSA)
LS Brown (RSA)
JL Cox (RSA)
N Reid (RSA)
CK Langeveldt (RSA)
AE Ochse (RSA)
JB Plimsoll (RSA)
AW Powell (RSA)
DJ Terbrugge (RSA)
CG Fichardt (RSA)
AW Palm (RSA)
P Hutchinson (RSA)
HLE Promnitz (RSA)
A Rose-Innes (RSA)
RB Stewart (RSA)
PHJ Trimborn (RSA)
TB de Bruyn (RSA)
CE Floquet (RSA)
EG Bock (RSA)
AE Hall (RSA)
AL Ochse (RSA)
KA Walter (RSA)
AC Dawson (RSA)
CL Johnson (RSA)
EQ Davies (RSA)
M de Lange (RSA)
RR Dower (RSA)
NO Norton (RSA)
BN Schultz (RSA)
DS Tomlinson (RSA)
N Gordon (RSA)
CFW Hime (RSA)
AJ Traicos (RSA)
JT Willoughby (RSA)
FJ Cook (RSA)
WHB Frank (RSA)
RHM Hands (RSA)
SD Jack (RSA)
DP Conyngham (RSA)
AHC Cooper (RSA)
CE Finlason (RSA)
R Graham (RSA)
DC Parkin (RSA)
CFH Prince (RSA)
AR Richards (RSA)
MW Rushmere (RSA)
T Bosch (RSA)
GL Tapscott (RSA)
ID Buys (RSA)
JAK Cochran (RSA)
RA Gleeson (RSA)
WHM Richards (RSA)
WRT Solomon (RSA)
D Olivier (RSA)
GM Parker (RSA)
JF du Toit (RSA)
JJ Kotze (RSA)
HM Taberer (RSA)
NHCD Theunissen (RSA)
WH Ashley (RSA)
FL le Roux (RSA)
EB Lundie (RSA)
G Thornton (RSA)
GE Bond (RSA)
GA Chevalier (RSA)
CD Dixon (RSA)
JH du Preez (RSA)
GG Hall (RSA)
MA Hanley (RSA)
GA Kempis (RSA)
PT Lewis (RSA)
M Ngam (RSA)
SD Snooke (RSA)
LR Tuckett (RSA)
PS Twentyman-Jones (RSA)
CS Wimble (RSA)
CM Willoughby (RSA)
KC Sangakkara (SRI)
DPMD Jayawardene (SRI)
ST Jayasuriya (SRI)
PA de Silva (SRI)
MS Atapattu (SRI)
TM Dilshan (SRI)
TT Samaraweera (SRI)
A Ranatunga (SRI)
HP Tillakaratne (SRI)
AD Mathews (SRI)
WPUJC Vaas (SRI)
RS Mahanama (SRI)
LD Chandimal (SRI)
AP Gurusinha (SRI)
FDM Karunaratne (SRI)
HAPW Jayawardene (SRI)
JK Silva (SRI)
RS Kaluwitharana (SRI)
RP Arnold (SRI)
NT Paranavitana (SRI)
WU Tharanga (SRI)
HMRKB Herath (SRI)
LRD Mendis (SRI)
RL Dias (SRI)
UC Hathurusingha (SRI)
M Muralitharan (SRI)
S Wettimuny (SRI)
MG Vandort (SRI)
BKG Mendis (SRI)
HDRL Thirimanne (SRI)
RS Madugalle (SRI)
HDPK Dharmasena (SRI)
SM Warnapura (SRI)
JR Ratnayeke (SRI)
DM de Silva (SRI)
UDU Chandana (SRI)
MDKJ Perera (SRI)
MF Maharoof (SRI)
GP Wickramasinghe (SRI)
LPC Silva (SRI)
S Ranatunga (SRI)
KTGD Prasad (SRI)
MDK Perera (SRI)
RJ Ratnayake (SRI)
CK Kapugedera (SRI)
DS de Silva (SRI)
RAS Lakmal (SRI)
KMDN Kulasekara (SRI)
J Mubarak (SRI)
KDK Vithanage (SRI)
SAR Silva (SRI)
DAS Gunaratne (SRI)
ALF de Mel (SRI)
DSBP Kuruppu (SRI)
TAM Siriwardana (SRI)
RS Kalpage (SRI)
DNT Zoysa (SRI)
SL Malinga (SRI)
N Dickwella (SRI)
CRD Fernando (SRI)
UWMBCA Welegedara (SRI)
BAW Mendis (SRI)
DP Samaraweera (SRI)
NLTC Perera (SRI)
PB Dassanayake (SRI)
RMS Eranga (SRI)
EAR de Silva (SRI)
DA Gunawardene (SRI)
HM Goonatilleke (SRI)
KR Pushpakumara (SRI)
CI Dunusinghe (SRI)
GF Labrooy (SRI)
RG de Alwis (SRI)
S Randiv (SRI)
CPH Ramanayake (SRI)
TCB Fernando (SRI)
HMCM Bandara (SRI)
N Pradeep (SRI)
MAR Samarasekera (SRI)
SI de Saram (SRI)
ERNS Fernando (SRI)
PHT Kaushal (SRI)
MN Nawaz (SRI)
CP Senanayake (SRI)
B Warnapura (SRI)
KS Lokuarachchi (SRI)
T Thushara (SRI)
MRCN Bandaratilleke (SRI)
SD Anurasiri (SRI)
SMS Kaluperuma (SRI)
AN Ranasinghe (SRI)
D Ranatunga (SRI)
ASA Perera (SRI)
DK Liyanage (SRI)
KSC de Silva (SRI)
PVD Chameera (SRI)
KADM Fernando (SRI)
AMJG Amerasinghe (SRI)
VB John (SRI)
Y Goonasekera (SRI)
PADLR Sandakan (SRI)
MKGCP Lakshitha (SRI)
GRA de Silva (SRI)
KPJ Warnaweera (SRI)
KHRK Fernando (SRI)
G Wijekoon (SRI)
SKL de Silva (SRI)
PDRL Perera (SRI)
MDUS Jayasundera (SRI)
MD Wettimuny (SRI)
MAWR Madurasinghe (SRI)
CKB Kulasekara (SRI)
RGCE Wijesuriya (SRI)
CBRLS Kumara (SRI)
S Jeganathan (SRI)
RAP Nissanka (SRI)
AGD Wickremasinghe (SRI)
KIW Wijegunawardene (SRI)
LWS Kaluperuma (SRI)
FS Ahangama (SRI)
AM de Silva (SRI)
WRS de Silva (SRI)
KEA Upashantha (SRI)
PK Wijetunge (SRI)
KN Amalean (SRI)
S Kalavitigoda (SRI)
KJ Silva (SRI)
S Prasanna (SRI)
SMSM Senanayake (SRI)
MD Shanaka (SRI)
IS Gallage (SRI)
CDUS Weerasinghe (SRI)
RSA Jayasekera (SRI)
BR Jurangpathy (SRI)
MKDI Amerasinghe (SRI)
MVT Fernando (SRI)
RPW Guneratne (SRI)
D Hettiarachchi (SRI)
AK Kuruppuarachchi (SRI)
BC Lara (WIN)
S Chanderpaul (WIN)
IVA Richards (WIN)
GS Sobers (WIN)
CG Greenidge (WIN)
CH Lloyd (WIN)
DL Haynes (WIN)
CH Gayle (WIN)
RB Kanhai (WIN)
RB Richardson (WIN)
RR Sarwan (WIN)
CL Hooper (WIN)
ED Weekes (WIN)
AI Kallicharran (WIN)
RC Fredericks (WIN)
MN Samuels (WIN)
FMM Worrell (WIN)
CL Walcott (WIN)
DM Bravo (WIN)
PJL Dujon (WIN)
CC Hunte (WIN)
HA Gomes (WIN)
BF Butcher (WIN)
JC Adams (WIN)
D Ramdin (WIN)
SL Campbell (WIN)
WW Hinds (WIN)
RD Jacobs (WIN)
SM Nurse (WIN)
AL Logie (WIN)
KC Brathwaite (WIN)
DJ Bravo (WIN)
GA Headley (WIN)
D Ganga (WIN)
JB Stollmeyer (WIN)
LG Rowe (WIN)
DL Murray (WIN)
MD Marshall (WIN)
DS Smith (WIN)
CEL Ambrose (WIN)
KLT Arthurton (WIN)
OG Smith (WIN)
JS Solomon (WIN)
DJG Sammy (WIN)
CA Davis (WIN)
GE Gomez (WIN)
SC Williams (WIN)
J Blackwood (WIN)
MC Carew (WIN)
BP Nash (WIN)
KOA Powell (WIN)
JKC Holt (WIN)
AF Rae (WIN)
PV Simmons (WIN)
KA Edwards (WIN)
FCM Alexander (WIN)
CA Roach (WIN)
CA Walsh (WIN)
DS Atkinson (WIN)
JR Murray (WIN)
MA Holding (WIN)
RJ Christiani (WIN)
BD Julien (WIN)
JDC Goddard (WIN)
JE Taylor (WIN)
WW Hall (WIN)
JO Holder (WIN)
SFAF Bacchus (WIN)
DAJ Holford (WIN)
AME Roberts (WIN)
N Deonarine (WIN)
VA Holder (WIN)
J Garner (WIN)
AB Barath (WIN)
KD Boyce (WIN)
GS Camacho (WIN)
AFG Griffith (WIN)
LN Constantine (WIN)
IR Bishop (WIN)
CS Baugh (WIN)
DA Murray (WIN)
MLC Foster (WIN)
RS Morton (WIN)
EDAS McMorris (WIN)
M Dillon (WIN)
RA Harper (WIN)
CC Griffith (WIN)
KAJ Roach (WIN)
RO Hinds (WIN)
LR Gibbs (WIN)
SJ Benn (WIN)
FR Martin (WIN)
JED Sealy (WIN)
WKM Benjamin (WIN)
AB Williams (WIN)
BH Pairaudeau (WIN)
JL Hendriks (WIN)
CL King (WIN)
GC Grant (WIN)
SO Dowrich (WIN)
DBL Powell (WIN)
D Bishoo (WIN)
LR Johnson (WIN)
TL Best (WIN)
FH Edwards (WIN)
CO Browne (WIN)
VC Drakes (WIN)
DR Parry (WIN)
RIC Holder (WIN)
S Shivnarine (WIN)
RG Samuels (WIN)
NAM McLean (WIN)
S Ramadhin (WIN)
FA Rose (WIN)
TM Dowlin (WIN)
CA Best (WIN)
R Rampaul (WIN)
RL Chase (WIN)
DR Smith (WIN)
OAC Banks (WIN)
N Phillip (WIN)
CB Lambert (WIN)
PA Wallace (WIN)
LMP Simmons (WIN)
IM Barrow (WIN)
S Shillingford (WIN)
DM Lewis (WIN)
BA Davis (WIN)
RK Nunes (WIN)
XM Marshall (WIN)
D Williams (WIN)
PT Collins (WIN)
EAE Baptiste (WIN)
FI de Caires (WIN)
D Mohammed (WIN)
SD Hope (WIN)
KCG Benjamin (WIN)
AE Greenidge (WIN)
CW Smith (WIN)
RS Grant (WIN)
IT Shillingford (WIN)
TM Findlay (WIN)
GA Greenidge (WIN)
DE Bernard (WIN)
WW Davis (WIN)
CA McWatt (WIN)
W Ferguson (WIN)
CD Collymore (WIN)
CC Depeiaza (WIN)
MV Nagamootoo (WIN)
L Baichan (WIN)
CR Brathwaite (WIN)
CR Browne (WIN)
KH Weekes (WIN)
Inshan Ali (WIN)
ST Clarke (WIN)
OC Scott (WIN)
GM Carew (WIN)
EAC Hunte (WIN)
OJ Phillips (WIN)
PD Lashley (WIN)
CEH Croft (WIN)
OC da Costa (WIN)
FJ Cameron (WIN)
SC Joseph (WIN)
EH Mattis (WIN)
BP Patterson (WIN)
RE Marshall (WIN)
DRE Joseph (WIN)
AL Valentine (WIN)
R Chandrika (WIN)
LS Birkett (WIN)
EL Bartlett (WIN)
S Chattergoon (WIN)
ES Atkinson (WIN)
DM Richards (WIN)
AB Fudadin (WIN)
WH St Hill (WIN)
FM King (WIN)
EAV Williams (WIN)
ST Gabriel (WIN)
AG Ganteaume (WIN)
MR Bynoe (WIN)
FL Reifer (WIN)
CG Butts (WIN)
D Ramnarine (WIN)
SC Guillen (WIN)
KR Rickards (WIN)
G Challenor (WIN)
HA Furlonge (WIN)
CM Christiani (WIN)
AC Cummins (WIN)
ELG Hoad (WIN)
V Permaul (WIN)
IDR Bradshaw (WIN)
WV Rodriguez (WIN)
VH Stollmeyer (WIN)
OD Gibson (WIN)
HC Griffith (WIN)
RN Lewis (WIN)
RR Jumadeen (WIN)
EE Achong (WIN)
GN Francis (WIN)
IL Mendonca (WIN)
JA Small (WIN)
JN Shepherd (WIN)
DW Allan (WIN)
NO Perry (WIN)
ET Willett (WIN)
A Sanford (WIN)
AW White (WIN)
LG Hylton (WIN)
CV Wight (WIN)
RD King (WIN)
RM Edwards (WIN)
JA Warrican (WIN)
AP Binns (WIN)
CEL Jones (WIN)
NS Asgarali (WIN)
RGA Headley (WIN)
NC McGarrell (WIN)
R Gilchrist (WIN)
CE Cuffy (WIN)
EA Martindale (WIN)
SC Stayers (WIN)
GC Shillingford (WIN)
BA Parchment (WIN)
RO Scarlett (WIN)
RL Powell (WIN)
N Betancourt (WIN)
JJC Lawson (WIN)
KL Wishart (WIN)
RA Legall (WIN)
MP Fernandes (WIN)
AH Gray (WIN)
PEW Jones (WIN)
WW Daniel (WIN)
CC Passailaigue (WIN)
LA King (WIN)
BJ Sealey (WIN)
AG Barrett (WIN)
SP Narine (WIN)
LA Walcott (WIN)
RA Austin (WIN)
HHH Johnson (WIN)
DJ Pagon (WIN)
EA Moseley (WIN)
VA Valentine (WIN)
MG Grell (WIN)
CA Merry (WIN)
ML Cummins (WIN)
MC Frederick (WIN)
AT Roberts (WIN)
LV Garrick (WIN)
RR Ramdass (WIN)
GC Tonge (WIN)
CEL Stuart (WIN)
LS Baker (WIN)
RC Miller (WIN)
RA Austin (WIN)
MI Black (WIN)
J Trim (WIN)
GL Wight (WIN)
EL St Hill (WIN)
DT Dewdney (WIN)
R Dhanraj (WIN)
BBM Gaskin (WIN)
PIC Thompson (WIN)
LS Butler (WIN)
R Nanan (WIN)
JM Neblett (WIN)
S Ragoonath (WIN)
CAK Walton (WIN)
GL Gibbs (WIN)
G Gladstone (WIN)
NT Pascal (WIN)
CD Watson (WIN)
BJ Bess (WIN)
SS Cottrell (WIN)
JM Noreiga (WIN)
CK Singh (WIN)
TF Johnson (WIN)
HS Chang (WIN)
UG Dowe (WIN)
NE Marshall (WIN)
AL Padmore (WIN)
DM Washington (WIN)
JH Cameron (WIN)
AS Joseph (WIN)
IBA Allen (WIN)
GR Breese (WIN)
NO Miller (WIN)
GH Mudie (WIN)
TRO Payne (WIN)
AHP Scott (WIN)
JO Taylor (WIN)
CB Clarke (WIN)
IS Madray (WIN)
MA Small (WIN)
AD Russell (WIN)
CA Wiles (WIN)
Imtiaz Ali (WIN)
RL Fuller (WIN)
ESM Kentish (WIN)
AS Jaggernauth (WIN)
KK Peters (WIN)
LA Roberts (WIN)
AB Howard (WIN)
LR Pierre (WIN)
A Flower (ZIM)
GW Flower (ZIM)
ADR Campbell (ZIM)
GJ Whittall (ZIM)
HH Streak (ZIM)
H Masakadza (ZIM)
SV Carlisle (ZIM)
T Taibu (ZIM)
BRM Taylor (ZIM)
DL Houghton (ZIM)
MW Goodwin (ZIM)
DD Ebrahim (ZIM)
CB Wishart (ZIM)
GJ Rennie (ZIM)
AM Blignaut (ZIM)
PA Strang (ZIM)
TR Gripper (ZIM)
CR Ervine (ZIM)
TMK Mawoyo (ZIM)
V Sibanda (ZIM)
E Chigumbura (ZIM)
NC Johnson (ZIM)
RW Chakabva (ZIM)
BC Strang (ZIM)
MA Vermeulen (ZIM)
TJ Friend (ZIM)
MN Waller (ZIM)
AG Cremer (ZIM)
Sikandar Raza (ZIM)
SC Williams (ZIM)
S Matsikenyeri (ZIM)
MH Dekker (ZIM)
KJ Arnott (ZIM)
SM Ervine (ZIM)
RW Price (ZIM)
R Mutumbami (ZIM)
PJ Moor (ZIM)
T Panyangara (ZIM)
ML Nkala (ZIM)
DA Marillier (ZIM)
HK Olonga (ZIM)
DT Tiripano (ZIM)
AJ Pycroft (ZIM)
NB Mahwire (ZIM)
BB Chari (ZIM)
BA Murphy (ZIM)
AH Omarshah (ZIM)
EA Brandes (ZIM)
DH Brain (ZIM)
AR Whittall (ZIM)
GM Ewing (ZIM)
P Utseya (ZIM)
CJ Chibhabha (ZIM)
KM Dabengwa (ZIM)
TN Madondo (ZIM)
BG Rogers (ZIM)
CK Coventry (ZIM)
SW Masakadza (ZIM)
DT Hondo (ZIM)
TL Chatara (ZIM)
T Duffin (ZIM)
AG Huckle (ZIM)
A Maregwede (ZIM)
KO Meth (ZIM)
GJ Crocker (ZIM)
AC Waller (ZIM)
JA Rennie (ZIM)
WR James (ZIM)
SG Peall (ZIM)
KM Jarvis (ZIM)
DP Viljoen (ZIM)
PS Masvaure (ZIM)
MG Burmester (ZIM)
CN Evans (ZIM)
BV Vitori (ZIM)
CB Mpofu (ZIM)
GA Lamb (ZIM)
GK Bruk-Jackson (ZIM)
J Nyumbu (ZIM)
GB Brent (ZIM)
M Mbangwa (ZIM)
F Mutizwa (ZIM)
IP Butchart (ZIM)
NR Ferreira (ZIM)
T Maruma (ZIM)
GA Briant (ZIM)
EZ Matambanadzo (ZIM)
N Ncube (ZIM)
T Mupariwa (ZIM)
W Mwayenga (ZIM)
CT Mumba (ZIM)
AJ Traicos (ZIM)
BT Watambwa (ZIM)
DT Mutendera (ZIM)
ACI Lock (ZIM)
N M'shangwe (ZIM)
U Ranchod (ZIM)
TP Kamungozi (ZIM)
MP Jarvis (ZIM)
MT Chinouya (ZIM)
RT Ponting (AUS)
AC Gilchrist (AUS)
ME Waugh (AUS)
MJ Clarke (AUS)
SR Waugh (AUS)
MG Bevan (AUS)
AR Border (AUS)
ML Hayden (AUS)
DM Jones (AUS)
DC Boon (AUS)
SR Watson (AUS)
MEK Hussey (AUS)
DR Martyn (AUS)
A Symonds (AUS)
GR Marsh (AUS)
DA Warner (AUS)
MA Taylor (AUS)
BJ Haddin (AUS)
SPD Smith (AUS)
DS Lehmann (AUS)
GJ Bailey (AUS)
AJ Finch (AUS)
GS Chappell (AUS)
GM Wood (AUS)
CL White (AUS)
KJ Hughes (AUS)
GJ Maxwell (AUS)
SE Marsh (AUS)
DJ Hussey (AUS)
IA Healy (AUS)
MS Wade (AUS)
KC Wessels (AUS)
JR Hopes (AUS)
SM Katich (AUS)
MR Marsh (AUS)
SP O'Donnell (AUS)
SG Law (AUS)
RW Marsh (AUS)
TM Moody (AUS)
B Lee (AUS)
SK Warne (AUS)
JP Faulkner (AUS)
MJ Slater (AUS)
GM Ritchie (AUS)
MG Johnson (AUS)
AC Voges (AUS)
SB Smith (AUS)
WB Phillips (AUS)
DW Hookes (AUS)
PJ Hughes (AUS)
GN Yallop (AUS)
GB Hogg (AUS)
J Dyson (AUS)
TM Head (AUS)
TD Paine (AUS)
IJ Harvey (AUS)
IM Chappell (AUS)
CJ Ferguson (AUS)
GRJ Matthews (AUS)
BM Laird (AUS)
BJ Hodge (AUS)
GS Blewett (AUS)
KD Walters (AUS)
PR Reiffel (AUS)
MRJ Veletta (AUS)
S Lee (AUS)
AJ Bichel (AUS)
UT Khawaja (AUS)
JP Maher (AUS)
PL Taylor (AUS)
CJ McDermott (AUS)
DM Wellham (AUS)
GF Lawson (AUS)
PJ Forrest (AUS)
WM Darling (AUS)
NM Hauritz (AUS)
RB McCosker (AUS)
JN Gillespie (AUS)
DT Christian (AUS)
JW Hastings (AUS)
MA Starc (AUS)
R Edwards (AUS)
A Turner (AUS)
MJ Di Venuto (AUS)
DK Lillee (AUS)
TM Chappell (AUS)
AMJ Hilditch (AUS)
BP Julian (AUS)
KR Stackpole (AUS)
NW Bracken (AUS)
MP Stoinis (AUS)
CJ McKay (AUS)
JR Thomson (AUS)
GC Dyer (AUS)
JL Langer (AUS)
GJ Cosier (AUS)
DW Fleming (AUS)
JA Burns (AUS)
JM Wiener (AUS)
KH MacLeay (AUS)
RM Hogg (AUS)
TJ Zoehrer (AUS)
PA Jaques (AUS)
AIC Dodemaide (AUS)
GD McGrath (AUS)
PJ Cummins (AUS)
MJ Cosgrove (AUS)
TJ Laughlin (AUS)
PM Toohey (AUS)
XJ Doherty (AUS)
MG Hughes (AUS)
RB Kerr (AUS)
PSP Handscomb (AUS)
RD Robinson (AUS)
MHN Walker (AUS)
AC Dale (AUS)
MF Kent (AUS)
NM Coulter-Nile (AUS)
L Ronchi (AUS)
AP Sheahan (AUS)
MS Kasprowicz (AUS)
CS Serjeant (AUS)
TG Hogan (AUS)
SR Clark (AUS)
RJ Bright (AUS)
B Yardley (AUS)
RJ Campbell (AUS)
BCJ Cutting (AUS)
AJ Woodcock (AUS)
A Zampa (AUS)
DE Bollinger (AUS)
BA Reid (AUS)
RJ Harris (AUS)
MC Henriques (AUS)
NM Lyon (AUS)
IR Redpath (AUS)
GR Robertson (AUS)
GJ Gilmour (AUS)
JN Maguire (AUS)
JL Pattinson (AUS)
SJ Rixon (AUS)
MR Whitney (AUS)
DR Gilbert (AUS)
TBA May (AUS)
LS Pascoe (AUS)
MF Malone (AUS)
RB Simpson (AUS)
G Dymock (AUS)
CG Rackemann (AUS)
RJ McCurdy (AUS)
TM Alderman (AUS)
JD Siddons (AUS)
RD Woolley (AUS)
BE Young (AUS)
KW Richardson (AUS)
BW Hilfenhaus (AUS)
KJ Wright (AUS)
WM Lawry (AUS)
BA Williams (AUS)
SW Tait (AUS)
SF Graf (AUS)
CP Tremain (AUS)
PM Siddle (AUS)
SP Davis (AUS)
JR Hazlewood (AUS)
CA Lynn (AUS)
RAL Massie (AUS)
KJ O'Keeffe (AUS)
JR Hammond (AUS)
AA Mallett (AUS)
GA Bishop (AUS)
JJ Krejza (AUS)
IC Davis (AUS)
TJ Jenner (AUS)
PH Carlson (AUS)
PA Emery (AUS)
JA Maclean (AUS)
GD Watson (AUS)
B Geeves (AUS)
AK Zesers (AUS)
MJ Bennett (AUS)
SM Boland (AUS)
AG Hurst (AUS)
GA Manou (AUS)
JK Moss (AUS)
IW Callen (AUS)
GD Campbell (AUS)
MJ North (AUS)
DJ Worrall (AUS)
AC Agar (AUS)
Fawad Ahmed (AUS)
SD Heazlett (AUS)
ML Lewis (AUS)
GS Trimble (AUS)
P Wilson (AUS)
SA Abbott (AUS)
GD Porter (AUS)
DJ Cullen (AUS)
BR Dorey (AUS)
WJ Edwards (AUS)
DF Whatmore (AUS)
MTG Elliott (AUS)
B Laughlin (AUS)
SCG MacGill (AUS)
JM Mennie (AUS)
DP Nannes (AUS)
B Stanlake (AUS)
AM Stuart (AUS)
J Angel (AUS)
SM Harwood (AUS)
GR Beard (AUS)
WM Clark (AUS)
DJ Colley (AUS)
AN Connolly (AUS)
RG Holland (AUS)
GD McKenzie (AUS)
AA Noffke (AUS)
JS Paris (AUS)
GS Sandhu (AUS)
AL Thomson (AUS)
Tamim Iqbal (BAN)
Shakib Al Hasan (BAN)
Mushfiqur Rahim (BAN)
Mohammad Ashraful (BAN)
Mahmudullah (BAN)
Shahriar Nafees (BAN)
Habibul Bashar (BAN)
Aftab Ahmed (BAN)
Imrul Kayes (BAN)
Khaled Mashud (BAN)
Mashrafe Mortaza (BAN)
Javed Omar (BAN)
Raqibul Hasan (BAN)
Nasir Hossain (BAN)
Alok Kapali (BAN)
Junaid Siddique (BAN)
Mohammad Rafique (BAN)
Rajin Saleh (BAN)
Khaled Mahmud (BAN)
Akram Khan (BAN)
Naeem Islam (BAN)
Anamul Haque (BAN)
Aminul Islam (BAN)
Abdur Razzak (BAN)
Soumya Sarkar (BAN)
Sabbir Rahman (BAN)
Tushar Imran (BAN)
Mominul Haque (BAN)
Athar Ali Khan (BAN)
Naimur Rahman (BAN)
Minhajul Abedin (BAN)
Mehrab Hossain (BAN)
Farhad Reza (BAN)
Hannan Sarkar (BAN)
Al Sahariar (BAN)
Shahriar Hossain (BAN)
Mushfiqur Rahman (BAN)
Tapash Baisya (BAN)
Manjural Islam Rana (BAN)
Nafees Iqbal (BAN)
Sanwar Hossain (BAN)
Mehrab Hossain jnr (BAN)
Jahurul Islam (BAN)
Shamsur Rahman (BAN)
Enamul Haque (BAN)
Mosaddek Hossain (BAN)
Sohag Gazi (BAN)
Hasibul Hossain (BAN)
Nazimuddin (BAN)
Dhiman Ghosh (BAN)
Shafiul Islam (BAN)
Liton Das (BAN)
Ziaur Rahman (BAN)
Faruk Ahmed (BAN)
Rubel Hossain (BAN)
Suhrawadi Shuvo (BAN)
Azhar Hossain (BAN)
Mahbubul Alam (BAN)
Syed Rasel (BAN)
Shahadat Hossain (BAN)
Shuvagata Hom (BAN)
Nurul Hasan (BAN)
Shaheedur Rahman (BAN)
Dolar Mahmud (BAN)
Gazi Ashraf (BAN)
Ehsanul Haque (BAN)
Mafizur Rahman (BAN)
Manjural Islam (BAN)
Mohammad Sharif (BAN)
Mehedi Hasan Miraz (BAN)
Arafat Sunny (BAN)
Golam Faruq (BAN)
Faisal Hossain (BAN)
Anwar Hossain (BAN)
Saiful Islam (BAN)
Nazmul Hossain (BAN)
Mohammad Mithun (BAN)
Mosharraf Hossain (BAN)
Tareq Aziz (BAN)
Taskin Ahmed (BAN)
Nasir Ahmed (BAN)
Rafiqul Alam (BAN)
Sheikh Salahuddin (BAN)
Shafiuddin Ahmed (BAN)
Taijul Islam (BAN)
Jamaluddin Ahmed (BAN)
Raqibul Hasan (BAN)
Jahangir Shah (BAN)
Mustafizur Rahman (BAN)
Nurul Abedin (BAN)
Sajjad Ahmed (BAN)
Zahid Razzak (BAN)
Enamul Haque jnr (BAN)
Ahmed Kamal (BAN)
Shariful Haque (BAN)
Mohammad Salim (BAN)
Gholam Nousher (BAN)
Hafizur Rahman (BAN)
Jahangir Alam Talukdar (BAN)
Fahim Muntasir (BAN)
Jubair Hossain (BAN)
Neeyamur Rashid (BAN)
Talha Jubair (BAN)
Tanbir Hayder (BAN)
Abul Hasan (BAN)
Al-Amin Hossain (BAN)
Jahangir Alam (BAN)
Samiur Rahman (BAN)
Mahbubur Rahman (BAN)
Mazharul Haque (BAN)
Anisur Rahman (BAN)
Elias Sunny (BAN)
Morshed Ali Khan (BAN)
Aminul Islam jnr (BAN)
Moniruzzaman (BAN)
Subashis Roy (BAN)
Anwar Hossain Monir (BAN)
Harunur Rashid (BAN)
Rafiqul Islam (BAN)
Robiul Islam (BAN)
Zakir Hossain (BAN)
Wahidul Gani (BAN)
Zakir Hasan (BAN)
IR Bell (ENG)
PD Collingwood (ENG)
AJ Stewart (ENG)
EJG Morgan (ENG)
KP Pietersen (ENG)
ME Trescothick (ENG)
GA Gooch (ENG)
AJ Strauss (ENG)
AJ Lamb (ENG)
GA Hick (ENG)
NV Knight (ENG)
JE Root (ENG)
A Flintoff (ENG)
AN Cook (ENG)
DI Gower (ENG)
IJL Trott (ENG)
RS Bopara (ENG)
RA Smith (ENG)
GP Thorpe (ENG)
N Hussain (ENG)
JC Buttler (ENG)
IT Botham (ENG)
MW Gatting (ENG)
NH Fairbrother (ENG)
MP Vaughan (ENG)
OA Shah (ENG)
MA Atherton (ENG)
AD Hales (ENG)
JJ Roy (ENG)
BC Broad (ENG)
MJ Prior (ENG)
BA Stokes (ENG)
VS Solanki (ENG)
G Boycott (ENG)
DW Randall (ENG)
MM Ali (ENG)
C Kieswetter (ENG)
JWA Taylor (ENG)
TT Bresnan (ENG)
DL Amiss (ENG)
CWJ Athey (ENG)
GO Jones (ENG)
CR Woakes (ENG)
KWR Fletcher (ENG)
G Fowler (ENG)
CJ Tavare (ENG)
MA Ealham (ENG)
LJ Wright (ENG)
PAJ DeFreitas (ENG)
D Gough (ENG)
AJ Hollioake (ENG)
RT Robinson (ENG)
W Larkins (ENG)
C White (ENG)
P Willey (ENG)
SCJ Broad (ENG)
JM Bairstow (ENG)
JM Brearley (ENG)
JE Emburey (ENG)
GP Swann (ENG)
JWM Dalrymple (ENG)
LE Plunkett (ENG)
SR Patel (ENG)
EC Joyce (ENG)
DR Pringle (ENG)
RC Russell (ENG)
ID Blackwell (ENG)
AF Giles (ENG)
MR Ramprakash (ENG)
CC Lewis (ENG)
RC Irani (ENG)
AD Brown (ENG)
RDB Croft (ENG)
CM Old (ENG)
AU Rashid (ENG)
DJ Capel (ENG)
MH Yardy (ENG)
B Wood (ENG)
BC Hollioake (ENG)
CMW Read (ENG)
GS Ballance (ENG)
PA Nixon (ENG)
DA Reeve (ENG)
D Lloyd (ENG)
VJ Marks (ENG)
JM Anderson (ENG)
AW Greig (ENG)
JL Denly (ENG)
MH Denness (ENG)
CT Radley (ENG)
AR Caddick (ENG)
AD Mascarenhas (ENG)
SM Davies (ENG)
PR Downton (ENG)
SW Billings (ENG)
JP Crawley (ENG)
P Mustard (ENG)
JH Edrich (ENG)
DL Bairstow (ENG)
APE Knott (ENG)
DG Cork (ENG)
MD Moxon (ENG)
GRJ Roope (ENG)
CJ Jordan (ENG)
JE Morris (ENG)
A McGrath (ENG)
MJ Lumb (ENG)
JC Tredwell (ENG)
MP Maynard (ENG)
IJ Gould (ENG)
CJ Richards (ENG)
MW Alleyne (ENG)
NA Foster (ENG)
GD Barlow (ENG)
R Clarke (ENG)
MB Loye (ENG)
ARC Fraser (ENG)
VJ Wells (ENG)
MV Fleming (ENG)
RJ Bailey (ENG)
G Miller (ENG)
ST Finn (ENG)
RJ Sidebottom (ENG)
RW Taylor (ENG)
FC Hayes (ENG)
TE Jesty (ENG)
BM Duckett (ENG)
JN Snape (ENG)
PH Edmonds (ENG)
MA Carberry (ENG)
GR Dilley (ENG)
DL Maddy (ENG)
CL Smith (ENG)
SJ Rhodes (ENG)
G Cook (ENG)
JM Vince (ENG)
TA Lloyd (ENG)
NMK Smith (ENG)
DR Brown (ENG)
BC Rose (ENG)
DJ Willey (ENG)
GC Small (ENG)
MP Bicknell (ENG)
Kabir Ali (ENG)
SJ Harmison (ENG)
RM Ellison (ENG)
AD Mullally (ENG)
SI Mahmood (ENG)
KJ Barnett (ENG)
RGD Willis (ENG)
CJ Adams (ENG)
MJ Smith (ENG)
RK Illingworth (ENG)
JD Love (ENG)
JA Jameson (ENG)
RO Butcher (ENG)
JK Lever (ENG)
RD Jackman (ENG)
RWT Key (ENG)
DL Underwood (ENG)
CS Cowdrey (ENG)
J Lewis (ENG)
CT Tremlett (ENG)
DB Close (ENG)
GG Arnold (ENG)
JH Hampshire (ENG)
JJ Whitaker (ENG)
WN Slack (ENG)
GB Stevenson (ENG)
JS Foster (ENG)
GD Lloyd (ENG)
A Shahzad (ENG)
PJ Martin (ENG)
JO Troughton (ENG)
SD Udal (ENG)
ID Austin (ENG)
BN French (ENG)
MA Wood (ENG)
PW Jarvis (ENG)
GJ Batty (ENG)
BL D'Oliveira (ENG)
EE Hemmings (ENG)
JT Ball (ENG)
MS Panesar (ENG)
RJ Blakey (ENG)
MR Benson (ENG)
DW Headley (ENG)
CM Wells (ENG)
RA Woolmer (ENG)
AP Igglesden (ENG)
JW Dernbach (ENG)
AG Wharf (ENG)
SG Borthwick (ENG)
MJ Hoggard (ENG)
P Lever (ENG)
CEW Silverwood (ENG)
RL Johnson (ENG)
PJW Allott (ENG)
HF Gurney (ENG)
BW Luckhurst (ENG)
DM Smith (ENG)
PCR Tufnell (ENG)
AP Wells (ENG)
AR Butcher (ENG)
G Chapple (ENG)
NG Cowans (ENG)
GW Humpage (ENG)
FJ Titmus (ENG)
TR Ambrose (ENG)
LA Dawson (ENG)
DE Malcolm (ENG)
JA Snow (ENG)
AJ Tudor (ENG)
MA Lynch (ENG)
DS Steele (ENG)
IDK Salisbury (ENG)
K Shuttleworth (ENG)
RJW Topley (ENG)
AP Grayson (ENG)
M Hendrick (ENG)
R Illingworth (ENG)
WB Rankin (ENG)
PJ Franks (ENG)
PI Pocock (ENG)
SL Watkin (ENG)
JP Agnew (ENG)
RJ Kirtley (ENG)
SC Meaker (ENG)
GA Cope (ENG)
MC Cowdrey (ENG)
SP Jones (ENG)
G Onions (ENG)
JP Taylor (ENG)
LB Taylor (ENG)
JG Thomas (ENG)
JE Benjamin (ENG)
N Gifford (ENG)
AGR Loudon (ENG)
NV Radford (ENG)
ZS Ansari (ENG)
DR Briggs (ENG)
NGB Cook (ENG)
DV Lawrence (ENG)
SD Parry (ENG)
RW Tolchard (ENG)
M Watkinson (ENG)
SR Tendulkar (IND)
SC Ganguly (IND)
R Dravid (IND)
M Azharuddin (IND)
MS Dhoni (IND)
Yuvraj Singh (IND)
V Sehwag (IND)
V Kohli (IND)
SK Raina (IND)
A Jadeja (IND)
G Gambhir (IND)
RG Sharma (IND)
NS Sidhu (IND)
K Srikkanth (IND)
N Kapil Dev (IND)
DB Vengsarkar (IND)
RJ Shastri (IND)
SM Gavaskar (IND)
S Dhawan (IND)
M Kaif (IND)
VG Kambli (IND)
VVS Laxman (IND)
RR Singh (IND)
AM Rahane (IND)
SV Manjrekar (IND)
M Amarnath (IND)
RA Jadeja (IND)
M Prabhakar (IND)
IK Pathan (IND)
KD Karthik (IND)
NR Mongia (IND)
AB Agarkar (IND)
D Mongia (IND)
Harbhajan Singh (IND)
AT Rayudu (IND)
SM Patil (IND)
RV Uthappa (IND)
A Kumble (IND)
J Srinath (IND)
Yashpal Sharma (IND)
HK Badani (IND)
YK Pathan (IND)
R Lamba (IND)
Z Khan (IND)
PA Patel (IND)
R Ashwin (IND)
S Ramesh (IND)
RMH Binny (IND)
WV Raman (IND)
SB Joshi (IND)
KS More (IND)
PK Amre (IND)
KM Jadhav (IND)
AO Malhotra (IND)
C Sharma (IND)
GR Viswanath (IND)
AK Sharma (IND)
S Madan Lal (IND)
SMH Kirmani (IND)
SS Karim (IND)
HH Kanitkar (IND)
M Vijay (IND)
N Chopra (IND)
P Kumar (IND)
CS Pandit (IND)
MK Tiwary (IND)
RS Sodhi (IND)
KBJ Azad (IND)
AD Gaekwad (IND)
MK Pandey (IND)
SS Dighe (IND)
BP Patel (IND)
STR Binny (IND)
BKV Prasad (IND)
KL Rahul (IND)
Y Venugopal Rao (IND)
V Dahiya (IND)
B Kumar (IND)
V Rathour (IND)
SB Bangar (IND)
SC Khanna (IND)
AR Patel (IND)
GAHM Parkar (IND)
RR Powar (IND)
HH Pandya (IND)
AC Bedade (IND)
JJ Martin (IND)
CPS Chauhan (IND)
RS Gavaskar (IND)
AR Khurasiya (IND)
A Nehra (IND)
R Vijay Bharadwaj (IND)
RK Chauhan (IND)
MSK Prasad (IND)
M Kartik (IND)
J Arun Lal (IND)
L Balaji (IND)
V Yadav (IND)
Arshad Ayub (IND)
GK Khoda (IND)
FM Engineer (IND)
KD Ghavri (IND)
Mohammed Shami (IND)
RP Singh (IND)
S Amarnath (IND)
S Abid Ali (IND)
A Ratra (IND)
VB Chandrasekhar (IND)
R Vinay Kumar (IND)
S Sriram (IND)
Jai P Yadav (IND)
SK Sharma (IND)
S Badrinath (IND)
UT Yadav (IND)
MM Patel (IND)
AL Wadekar (IND)
I Sharma (IND)
S Viswanath (IND)
FY Fazal (IND)
JV Paranjpe (IND)
S Venkataraghavan (IND)
D Dasgupta (IND)
A Mithun (IND)
CA Pujara (IND)
BS Sandhu (IND)
ST Banerjee (IND)
DJ Gandhi (IND)
Maninder Singh (IND)
SS Tiwary (IND)
Sarandeep Singh (IND)
KK Nair (IND)
PP Ojha (IND)
AV Mankad (IND)
S Sreesanth (IND)
AR Kapoor (IND)
A Mishra (IND)
WP Saha (IND)
SS Das (IND)
PP Chawla (IND)
SS Naik (IND)
Joginder Sharma (IND)
SA Ankola (IND)
RR Kulkarni (IND)
AS Wassan (IND)
SLV Raju (IND)
BS Bedi (IND)
MM Sharma (IND)
DS Mohanty (IND)
DS Kulkarni (IND)
ED Solkar (IND)
A Kuruvilla (IND)
SV Bahutule (IND)
V Razdan (IND)
B Arun (IND)
AB Dinda (IND)
PH Sharma (IND)
T Kumaran (IND)
LR Shukla (IND)
S Somasunder (IND)
PS Vaidya (IND)
GK Bose (IND)
Gurkeerat Singh (IND)
R Dhawan (IND)
BS Chandrasekhar (IND)
NM Kulkarni (IND)
B Reddy (IND)
G Sharma (IND)
W Jaffer (IND)
AV Kale (IND)
TE Srinivasan (IND)
NA David (IND)
DR Doshi (IND)
LS Rajput (IND)
VR Aaron (IND)
P Dharmani (IND)
ND Hirwani (IND)
SS Raul (IND)
RL Sanghvi (IND)
VRV Singh (IND)
PL Mhambrey (IND)
T Yohannan (IND)
Bhupinder Singh snr (IND)
U Chatterjee (IND)
Harvinder Singh (IND)
P Krishnamurthy (IND)
AK Patel (IND)
L Sivaramakrishnan (IND)
D Ganesh (IND)
Gursharan Singh (IND)
GK Pandey (IND)
AM Salvi (IND)
R Sudhakar Rao (IND)
SV Nayak (IND)
Pankaj Singh (IND)
SP Mukherjee (IND)
RS Ghai (IND)
NV Ojha (IND)
R Sharma (IND)
S Tyagi (IND)
J Yadav (IND)
NS Yadav (IND)
B Yograj Singh (IND)
A Bhandari (IND)
JJ Bumrah (IND)
AM Nayar (IND)
M Venkataramana (IND)
YS Chahal (IND)
MS Gony (IND)
Parvez Rasool (IND)
RGM Patel (IND)
Randhir Singh (IND)
TAP Sekhar (IND)
KV Sharma (IND)
RP Singh (IND)
BB Sran (IND)
JD Unadkat (IND)
SP Fleming (NZL)
NJ Astle (NZL)
LRPL Taylor (NZL)
BB McCullum (NZL)
MJ Guptill (NZL)
CL Cairns (NZL)
CD McMillan (NZL)
MD Crowe (NZL)
SB Styris (NZL)
CZ Harris (NZL)
KS Williamson (NZL)
JG Wright (NZL)
AC Parore (NZL)
KR Rutherford (NZL)
AH Jones (NZL)
RG Twose (NZL)
JDP Oram (NZL)
L Vincent (NZL)
MJ Greatbatch (NZL)
DL Vettori (NZL)
GD Elliott (NZL)
JV Coney (NZL)
BA Edgar (NZL)
Sir RJ Hadlee (NZL)
BA Young (NZL)
GM Turner (NZL)
JJ Crowe (NZL)
HJH Marshall (NZL)
GP Howarth (NZL)
TWM Latham (NZL)
JD Ryder (NZL)
PG Fulton (NZL)
MS Sinclair (NZL)
JEC Franklin (NZL)
L Ronchi (NZL)
NL McCullum (NZL)
IDS Smith (NZL)
CJ Anderson (NZL)
KD Mills (NZL)
JM How (NZL)
BL Cairns (NZL)
MJ Horne (NZL)
SA Thomson (NZL)
CM Spearman (NZL)
CJ Nevin (NZL)
JDS Neesham (NZL)
NT Broom (NZL)
JF Reid (NZL)
GR Larsen (NZL)
DJ Nash (NZL)
DN Patel (NZL)
RJ Nicol (NZL)
RT Latham (NZL)
BJ Watling (NZL)
MC Snedden (NZL)
TG Southee (NZL)
LK Germon (NZL)
JG Bracewell (NZL)
MJ Santner (NZL)
TE Blain (NZL)
AR Adams (NZL)
C Munro (NZL)
DG Brownlie (NZL)
BE Congdon (NZL)
MG Burgess (NZL)
BR Hartland (NZL)
DR Tuffey (NZL)
SE Bond (NZL)
LG Howell (NZL)
KJ Wadsworth (NZL)
JFM Morrison (NZL)
JAH Marshall (NZL)
JM Parker (NZL)
RB Reid (NZL)
RH Vance (NZL)
GJ Hopkins (NZL)
DR Flynn (NZL)
HM Nicholls (NZL)
WK Lees (NZL)
MHW Papps (NZL)
PE McEwan (NZL)
AP Devcich (NZL)
PJ Ingram (NZL)
C Pringle (NZL)
BR Blair (NZL)
SB Doull (NZL)
DK Morrison (NZL)
RA Jones (NZL)
C de Grandhomme (NZL)
MJ Henry (NZL)
JTC Vaughan (NZL)
CD Cumming (NZL)
AM Ellis (NZL)
AJ Redmond (NZL)
BF Hastings (NZL)
CM Kuggeleijn (NZL)
GN Edwards (NZL)
MD Bell (NZL)
AF Milne (NZL)
EJ Chatfield (NZL)
MJ McClenaghan (NZL)
MW Priest (NZL)
JW Wilson (NZL)
TA Boult (NZL)
GB Troup (NZL)
EJ Gray (NZL)
MR Gillespie (NZL)
JS Patel (NZL)
W Watson (NZL)
IG Butler (NZL)
DAJ Bracewell (NZL)
EB McSweeney (NZL)
SR Gillespie (NZL)
V Pollard (NZL)
RG Petrie (NZL)
PD McGlashan (NZL)
PG Coman (NZL)
MN Hart (NZL)
GE Bradburn (NZL)
BM Wheeler (NZL)
MW Douglas (NZL)
BJ McKechnie (NZL)
TK Canning (NZL)
PA Horne (NZL)
GK Robertson (NZL)
BGK Walker (NZL)
PJ Wiseman (NZL)
VR Brown (NZL)
MH Richardson (NZL)
PA Hitchcock (NZL)
GH Worker (NZL)
DR Hadlee (NZL)
PN Webb (NZL)
DJ White (NZL)
AR Tait (NZL)
RO Collinge (NZL)
SL Boock (NZL)
TJ Franklin (NZL)
BJ Diamanti (NZL)
BG Hadlee (NZL)
SL Stewart (NZL)
MJ Mason (NZL)
SB O'Connor (NZL)
ML Su'a (NZL)
AJ Penn (NZL)
BR Taylor (NZL)
DA Stirling (NZL)
HJ Howarth (NZL)
GI Allott (NZL)
RJ Kennedy (NZL)
RW Anderson (NZL)
ADG Roberts (NZL)
LH Ferguson (NZL)
HD Rutherford (NZL)
GE Vivian (NZL)
LJ Woodcock (NZL)
MD Bates (NZL)
HT Davis (NZL)
RL Hayes (NZL)
RP de Groen (NZL)
AJ McKay (NZL)
TS Nethula (NZL)
HK Bennett (NZL)
MDJ Walker (NZL)
WA Wisneski (NZL)
CE Bulfin (NZL)
CJ Drum (NZL)
MJ Haslam (NZL)
GP Sulzberger (NZL)
CS Martin (NZL)
IS Sodhi (NZL)
RJ Webb (NZL)
LJ Hamilton (NZL)
RT Hart (NZL)
DJ Murray (NZL)
IE O'Brien (NZL)
RE Redmond (NZL)
DR O'Sullivan (NZL)
SJ Roberts (NZL)
BP Bracewell (NZL)
RG Hart (NZL)
AW Mathieson (NZL)
JP Millmow (NZL)
MB Owens (NZL)
NM Parker (NZL)
GW Aldridge (NZL)
MD Bailey (NZL)
LW Stott (NZL)
EP Thompson (NZL)
KP Walmsley (NZL)
Inzamam-ul-Haq (PAK)
Mohammad Yousuf (PAK)
Saeed Anwar (PAK)
Shahid Afridi (PAK)
Javed Miandad (PAK)
Younis Khan (PAK)
Saleem Malik (PAK)
Ijaz Ahmed (PAK)
Shoaib Malik (PAK)
Rameez Raja (PAK)
Mohammad Hafeez (PAK)
Misbah-ul-Haq (PAK)
Abdul Razzaq (PAK)
Aamer Sohail (PAK)
Wasim Akram (PAK)
Imran Khan (PAK)
Moin Khan (PAK)
Kamran Akmal (PAK)
Umar Akmal (PAK)
Salman Butt (PAK)
Mudassar Nazar (PAK)
Zaheer Abbas (PAK)
Ahmed Shehzad (PAK)
Yasir Hameed (PAK)
Imran Nazir (PAK)
Mohsin Khan (PAK)
Imran Farhat (PAK)
Rashid Latif (PAK)
Azhar Ali (PAK)
Saleem Elahi (PAK)
Azhar Mahmood (PAK)
Sarfraz Ahmed (PAK)
Nasir Jamshed (PAK)
Asad Shafiq (PAK)
Shoaib Mohammad (PAK)
Basit Ali (PAK)
Babar Azam (PAK)
Asif Mujtaba (PAK)
Waqar Younis (PAK)
Fawad Alam (PAK)
Sharjeel Khan (PAK)
Majid Khan (PAK)
Wasim Raja (PAK)
Haris Sohail (PAK)
Saleem Yousuf (PAK)
Manzoor Elahi (PAK)
Sohaib Maqsood (PAK)
Saqlain Mushtaq (PAK)
Qasim Umar (PAK)
Abdul Qadir (PAK)
Mansoor Akhtar (PAK)
Wahab Riaz (PAK)
Aamer Malik (PAK)
Mohammad Wasim (PAK)
Naved-ul-Hasan (PAK)
Taufeeq Umar (PAK)
Mohammad Rizwan (PAK)
Umar Gul (PAK)
Mushtaq Ahmed (PAK)
Sohail Tanvir (PAK)
Sadiq Mohammad (PAK)
Shoaib Akhtar (PAK)
Wajahatullah Wasti (PAK)
Zahid Fazal (PAK)
Imad Wasim (PAK)
Asif Iqbal (PAK)
Saeed Ajmal (PAK)
Anwar Ali (PAK)
Faisal Iqbal (PAK)
Mohammad Sami (PAK)
Zahoor Elahi (PAK)
Mohammad Amir (PAK)
Umar Amin (PAK)
Aaqib Javed (PAK)
Naved Latif (PAK)
Hasan Raza (PAK)
Khurram Manzoor (PAK)
Iftikhar Anjum (PAK)
Sarfraz Nawaz (PAK)
Wasim Bari (PAK)
Tahir Naqqash (PAK)
Mushtaq Mohammad (PAK)
Moin-ul-Atiq (PAK)
Ijaz Faqih (PAK)
Akram Raza (PAK)
Saadat Ali (PAK)
Haroon Rasheed (PAK)
Mohammad Hussain (PAK)
Khalid Latif (PAK)
Mohammad Nawaz (3) (PAK)
Abdur Rehman (PAK)
Shahid Saeed (PAK)
Arshad Khan (PAK)
Bazid Khan (PAK)
Sajid Ali (PAK)
Shahid Mahboob (PAK)
Azam Khan (PAK)
Tauseef Ahmed (PAK)
Naved Anjum (PAK)
Hasan Jamil (PAK)
Rashid Khan (PAK)
Yasir Shah (PAK)
Shahzaib Hasan (PAK)
Saad Nasim (PAK)
Manzoor Akhtar (PAK)
Aamer Hanif (PAK)
Bilawal Bhatti (PAK)
Anil Dalpat (PAK)
Younis Ahmed (PAK)
Hammad Azam (PAK)
Sami Aslam (PAK)
Yasir Arafat (PAK)
Ashraf Ali (PAK)
Akhtar Sarfraz (PAK)
Saeed Azad (PAK)
Aamer Yamin (PAK)
Adnan Akmal (PAK)
Shakeel Ahmed jnr (PAK)
Humayun Farhat (PAK)
Junaid Khan (PAK)
Sohail Fazal (PAK)
Ghulam Ali (PAK)
Mohammad Irfan (PAK)
Zafar Iqbal (PAK)
Zulqarnain Haider (PAK)
Azeem Hafeez (PAK)
Azmat Rana (PAK)
Shafiq Ahmed (PAK)
Bilal Asif (PAK)
Iqbal Qasim (PAK)
Hasan Ali (PAK)
Shahid Anwar (PAK)
Saleem Jaffar (PAK)
Zulfiqar Babar (PAK)
Ata-ur-Rehman (PAK)
Atiq-uz-Zaman (PAK)
Mohammad Asif (PAK)
Sikander Bakht (PAK)
Imran Abbas (PAK)
Kamran Hussain (PAK)
Taslim Arif (PAK)
Ehsan Adil (PAK)
Mohsin Kamal (PAK)
Mujahid Jamshed (PAK)
Zakir Khan (PAK)
Aizaz Cheema (PAK)
Pervez Mir (PAK)
Wasim Haider (PAK)
Saleem Altaf (PAK)
Shahid Nazir (PAK)
Sohail Khan (PAK)
Naeem Ashraf (PAK)
Mohammad Salman (PAK)
Rizwan-uz-Zaman (PAK)
Saleem Pervez (PAK)
Tanvir Ahmed (PAK)
Zulqarnain (PAK)
Intikhab Alam (PAK)
Irfan Fazil (PAK)
Mansoor Rana (PAK)
Mohammad Zahid (PAK)
Zafar Gohar (PAK)
Asif Mahmood (PAK)
Mohammad Akram (PAK)
Nadeem Ghauri (PAK)
Aamer Nazir (PAK)
Asad Ali (PAK)
Usman Salahuddin (PAK)
Danish Kaneria (PAK)
Javed Qadeer (PAK)
Arshad Pervez (PAK)
Haafiz Shahid (PAK)
Asif Masood (PAK)
Kabir Khan (PAK)
Shabbir Ahmed (PAK)
Faisal Athar (PAK)
Iftikhar Ahmed (PAK)
Rahat Ali (PAK)
Fazl-e-Akbar (PAK)
Liaqat Ali (PAK)
Jalal-ud-Din (PAK)
Mansoor Amjad (PAK)
Maqsood Rana (PAK)
Naumanullah (PAK)
Sajjad Akbar (PAK)
Mohammad Nazir (PAK)
Ijaz Ahmed jnr (PAK)
Zahid Ahmed (PAK)
Junaid Zia (PAK)
Kashif Raza (PAK)
Masood Iqbal (PAK)
Nadeem Khan (PAK)
Iqbal Sikander (PAK)
Mahmood Hamid (PAK)
Nasim-ul-Ghani (PAK)
Mohammad Khalil (PAK)
Mohammad Talha (PAK)
Naeem Ahmed (PAK)
Najaf Shah (PAK)
Naseer Malik (PAK)
Raza Hasan (PAK)
Shadab Kabir (PAK)
Shakeel Khan (PAK)
Tanvir Mehdi (PAK)
Aamer Hameed (PAK)
Abdur Rauf (PAK)
Ashfaq Ahmed (PAK)
Irfan Bhatti (PAK)
Rizwan Ahmed (PAK)
Samiullah Khan (PAK)
JH Kallis (RSA)
AB de Villiers (RSA)
HH Gibbs (RSA)
GC Smith (RSA)
HM Amla (RSA)
G Kirsten (RSA)
JN Rhodes (RSA)
WJ Cronje (RSA)
JP Duminy (RSA)
MV Boucher (RSA)
F du Plessis (RSA)
DJ Cullinan (RSA)
L Klusener (RSA)
HH Dippenaar (RSA)
Q de Kock (RSA)
SM Pollock (RSA)
AC Hudson (RSA)
DA Miller (RSA)
ND McKenzie (RSA)
KC Wessels (RSA)
N Boje (RSA)
JM Kemp (RSA)
PN Kirsten (RSA)
RR Rossouw (RSA)
JA Rudolph (RSA)
F Behardien (RSA)
AG Prince (RSA)
AJ Hall (RSA)
DJ Richardson (RSA)
CA Ingram (RSA)
BM McMillan (RSA)
JA Morkel (RSA)
PL Symcox (RSA)
J Botha (RSA)
MJR Rindel (RSA)
RJ Peterson (RSA)
AP Kuiper (RSA)
AN Petersen (RSA)
DJ Callaghan (RSA)
R McLaren (RSA)
WD Parnell (RSA)
MN van Wyk (RSA)
RP Snell (RSA)
DM Benkenstein (RSA)
LE Bosman (RSA)
DN Crookes (RSA)
DW Steyn (RSA)
AM Bacher (RSA)
CH Morris (RSA)
M Morkel (RSA)
EO Simons (RSA)
M Ntini (RSA)
JL Ontong (RSA)
PS de Villiers (RSA)
VD Philander (RSA)
CR Matthews (RSA)
A Nel (RSA)
AL Phehlukwayo (RSA)
M van Jaarsveld (RSA)
Imran Tahir (RSA)
T Bavuma (RSA)
RK Kleinveldt (RSA)
D Wiese (RSA)
S Elworthy (RSA)
D Elgar (RSA)
AA Donald (RSA)
GFJ Liebenberg (RSA)
JJ van der Wath (RSA)
K Rabada (RSA)
D Pretorius (RSA)
GH Bodi (RSA)
LJ Koen (RSA)
AM Phangiso (RSA)
MW Rushmere (RSA)
KJ Abbott (RSA)
CK Langeveldt (RSA)
R Telemachus (RSA)
AC Dawson (RSA)
SJ Cook (RSA)
PR Adams (RSA)
ELR Stewart (RSA)
LL Tsotsobe (RSA)
SJ Palframan (RSA)
MW Pringle (RSA)
PC Strydom (RSA)
RE van der Merwe (RSA)
RE Bryson (RSA)
M Yachad (RSA)
CEB Rice (RSA)
TG Shaw (RSA)
N Pothas (RSA)
J Louw (RSA)
O Henry (RSA)
S Abrahams (RSA)
M Hayward (RSA)
VB van Jaarsveld (RSA)
H Davids (RSA)
HS Williams (RSA)
SD Jack (RSA)
CE Eksteen (RSA)
DB Rundle (RSA)
DJ Terbrugge (RSA)
J Theron (RSA)
PJR Steyn (RSA)
M Zondeki (RSA)
CJPG van Zyl (RSA)
MS Tshabalala (RSA)
PV Mpitsang (RSA)
GJP Kruger (RSA)
AG Puttick (RSA)
T Shamsi (RSA)
CM Willoughby (RSA)
T Bosch (RSA)
M de Lange (RSA)
PL Harris (RSA)
CW Henderson (RSA)
JC Kent (RSA)
BN Schultz (RSA)
M Shezi (RSA)
KC Sangakkara (SRI)
ST Jayasuriya (SRI)
DPMD Jayawardene (SRI)
TM Dilshan (SRI)
PA de Silva (SRI)
MS Atapattu (SRI)
A Ranatunga (SRI)
WU Tharanga (SRI)
RS Mahanama (SRI)
AD Mathews (SRI)
RP Arnold (SRI)
AP Gurusinha (SRI)
HP Tillakaratne (SRI)
RS Kaluwitharana (SRI)
LD Chandimal (SRI)
HDRL Thirimanne (SRI)
WPUJC Vaas (SRI)
DA Gunawardene (SRI)
MDKJ Perera (SRI)
UDU Chandana (SRI)
LPC Silva (SRI)
RL Dias (SRI)
CK Kapugedera (SRI)
LRD Mendis (SRI)
NLTC Perera (SRI)
KMDN Kulasekara (SRI)
HDPK Dharmasena (SRI)
MF Maharoof (SRI)
DSBP Kuruppu (SRI)
RS Madugalle (SRI)
SHT Kandamby (SRI)
TT Samaraweera (SRI)
BKG Mendis (SRI)
RS Kalpage (SRI)
MAR Samarasekera (SRI)
JR Ratnayeke (SRI)
S Wettimuny (SRI)
J Mubarak (SRI)
M Muralitharan (SRI)
UC Hathurusingha (SRI)
RJ Ratnayake (SRI)
BMAJ Mendis (SRI)
SL Malinga (SRI)
ALF de Mel (SRI)
SAR Silva (SRI)
MD Gunathilaka (SRI)
SMA Priyanjan (SRI)
RG de Alwis (SRI)
WS Jayantha (SRI)
T Thushara (SRI)
N Dickwella (SRI)
DS de Silva (SRI)
S Prasanna (SRI)
TAM Siriwardana (SRI)
GP Wickramasinghe (SRI)
DNT Zoysa (SRI)
DM de Silva (SRI)
SS Pathirana (SRI)
DAS Gunaratne (SRI)
SMSM Senanayake (SRI)
S Randiv (SRI)
ML Udawatte (SRI)
S Ranatunga (SRI)
GF Labrooy (SRI)
CRD Fernando (SRI)
SHU Karnain (SRI)
KS Lokuarachchi (SRI)
CPH Ramanayake (SRI)
ASA Perera (SRI)
FDM Karunaratne (SRI)
BAW Mendis (SRI)
SI de Saram (SRI)
B Warnapura (SRI)
SKL de Silva (SRI)
HMCM Bandara (SRI)
K Weeraratne (SRI)
AN Ranasinghe (SRI)
DK Liyanage (SRI)
HMRKB Herath (SRI)
EAR de Silva (SRI)
APB Tennekoon (SRI)
SRD Wettimuny (SRI)
KTGD Prasad (SRI)
CP Senanayake (SRI)
MDK Perera (SRI)
MD Shanaka (SRI)
ERNS Fernando (SRI)
PC de Silva (SRI)
DP Samaraweera (SRI)
PB Dassanayake (SRI)
VB John (SRI)
RAS Lakmal (SRI)
LHD Dilhara (SRI)
MH Tissera (SRI)
KDK Vithanage (SRI)
DS Weerakkody (SRI)
Y Goonasekera (SRI)
SD Anurasiri (SRI)
SK Ranasinghe (SRI)
RAP Nissanka (SRI)
GSNFG Jayasuriya (SRI)
D Ranatunga (SRI)
KEA Upashantha (SRI)
MG Vandort (SRI)
ER Fernando (SRI)
KHRK Fernando (SRI)
KSC de Silva (SRI)
CKB Kulasekara (SRI)
PVD Chameera (SRI)
PW Gunaratne (SRI)
KR Pushpakumara (SRI)
SM Warnapura (SRI)
RMS Eranga (SRI)
LWS Kaluperuma (SRI)
HM Goonatilleke (SRI)
MN Nawaz (SRI)
TCB Fernando (SRI)
ARM Opatha (SRI)
HAPW Jayawardene (SRI)
S Jeganathan (SRI)
SP Pasqual (SRI)
UNK Fernando (SRI)
JDF Vandersay (SRI)
MAWR Madurasinghe (SRI)
KIW Wijegunawardene (SRI)
HSM Pieris (SRI)
RGCE Wijesuriya (SRI)
IS Gallage (SRI)
RSA Jayasekera (SRI)
KN Amalean (SRI)
LD Madushanka (SRI)
AMN Munasinghe (SRI)
AM de Silva (SRI)
N Pradeep (SRI)
SMS Kaluperuma (SRI)
DLS de Silva (SRI)
GN de Silva (SRI)
GRA de Silva (SRI)
TL Fernando (SRI)
JC Gamage (SRI)
AK Perera (SRI)
PDRL Perera (SRI)
DM Vonhagt (SRI)
WCA Ganegama (SRI)
MKGCP Lakshitha (SRI)
M Pushpakumara (SRI)
MKDI Amerasinghe (SRI)
MA Aponso (SRI)
CBRLS Kumara (SRI)
PADLR Sandakan (SRI)
UWMBCA Welegedara (SRI)
RPAH Wickramaratne (SRI)
JWHD Boteju (SRI)
D Gamage (SRI)
PD Heyn (SRI)
MC Mendis (SRI)
AAW Gunawardena (SRI)
AP Weerakkody (SRI)
MD Wettimuny (SRI)
AGD Wickremasinghe (SRI)
KMC Bandara (SRI)
CI Dunusinghe (SRI)
SA Jayasinghe (SRI)
KJ Silva (SRI)
KPJ Warnaweera (SRI)
MRCN Bandaratilleke (SRI)
WIA Fernando (SRI)
PLS Gamage (SRI)
PHT Kaushal (SRI)
N Ranatunga (SRI)
FS Ahangama (SRI)
A Dananjaya (SRI)
KADM Fernando (SRI)
FRMD Gunatilleke (SRI)
PS Jayaprakashdaran (SRI)
KG Perera (SRI)
NLK Ratnayake (SRI)
I Udana (SRI)
S Weerakoon (SRI)
BC Lara (WIN)
CH Gayle (WIN)
S Chanderpaul (WIN)
DL Haynes (WIN)
IVA Richards (WIN)
RB Richardson (WIN)
RR Sarwan (WIN)
CL Hooper (WIN)
MN Samuels (WIN)
CG Greenidge (WIN)
PV Simmons (WIN)
DJ Bravo (WIN)
WW Hinds (WIN)
AL Logie (WIN)
DM Bravo (WIN)
KA Pollard (WIN)
SL Campbell (WIN)
JC Adams (WIN)
D Ramdin (WIN)
RL Powell (WIN)
CH Lloyd (WIN)
LMP Simmons (WIN)
PJL Dujon (WIN)
KLT Arthurton (WIN)
DJG Sammy (WIN)
RD Jacobs (WIN)
SC Williams (WIN)
DR Smith (WIN)
RS Morton (WIN)
HA Gomes (WIN)
J Charles (WIN)
DS Smith (WIN)
AD Russell (WIN)
MD Marshall (WIN)
RA Harper (WIN)
D Ganga (WIN)
AI Kallicharran (WIN)
KOA Powell (WIN)
PA Wallace (WIN)
N Deonarine (WIN)
JR Murray (WIN)
CEL Ambrose (WIN)
JO Holder (WIN)
SFAF Bacchus (WIN)
RIC Holder (WIN)
CS Baugh (WIN)
CA Best (WIN)
AC Cummins (WIN)
JL Carter (WIN)
CO Browne (WIN)
IR Bishop (WIN)
AB Barath (WIN)
XM Marshall (WIN)
S Chattergoon (WIN)
CB Lambert (WIN)
SP Narine (WIN)
R Rampaul (WIN)
ADS Fletcher (WIN)
KA Edwards (WIN)
CA Walsh (WIN)
NAM McLean (WIN)
RC Fredericks (WIN)
WKM Benjamin (WIN)
DL Murray (WIN)
RN Lewis (WIN)
IDR Bradshaw (WIN)
MA Holding (WIN)
CL King (WIN)
KC Brathwaite (WIN)
JE Taylor (WIN)
CR Brathwaite (WIN)
NO Miller (WIN)
E Lewis (WIN)
SD Hope (WIN)
J Garner (WIN)
DC Thomas (WIN)
AME Roberts (WIN)
TM Dowlin (WIN)
M Dillon (WIN)
FA Rose (WIN)
KAJ Roach (WIN)
NO Perry (WIN)
EAE Baptiste (WIN)
SJ Benn (WIN)
DM Richards (WIN)
RS Gabriel (WIN)
RB Kanhai (WIN)
MV Nagamootoo (WIN)
SC Joseph (WIN)
D Williams (WIN)
SE Findlay (WIN)
DE Bernard (WIN)
OD Gibson (WIN)
JN Mohammed (WIN)
LG Rowe (WIN)
PA Browne (WIN)
TRO Payne (WIN)
LR Williams (WIN)
BA Parchment (WIN)
DBL Powell (WIN)
FL Reifer (WIN)
DP Hyatt (WIN)
CD Collymore (WIN)
BP Nash (WIN)
RO Hinds (WIN)
LV Garrick (WIN)
AFG Griffith (WIN)
LR Johnson (WIN)
VC Drakes (WIN)
BD Julien (WIN)
EH Mattis (WIN)
OAC Banks (WIN)
R Powell (WIN)
TL Best (WIN)
FH Edwards (WIN)
KCG Benjamin (WIN)
RD King (WIN)
VA Holder (WIN)
KF Semple (WIN)
CE Cuffy (WIN)
DR Parry (WIN)
ST Clarke (WIN)
NC McGarrell (WIN)
KD Boyce (WIN)
RG Samuels (WIN)
AH Gray (WIN)
WW Daniel (WIN)
AR Nurse (WIN)
DA Murray (WIN)
BP Patterson (WIN)
HR Bryan (WIN)
D Bishoo (WIN)
PT Collins (WIN)
IT Shillingford (WIN)
WW Davis (WIN)
RC Haynes (WIN)
DK Butler (WIN)
MLC Foster (WIN)
AS Joseph (WIN)
HAG Anthony (WIN)
AE Greenidge (WIN)
S Shivnarine (WIN)
RGA Headley (WIN)
CEH Croft (WIN)
JJC Lawson (WIN)
KCB Jeremy (WIN)
CAK Walton (WIN)
LS Baker (WIN)
RR Emrit (WIN)
RO Hurley (WIN)
J Blackwood (WIN)
V Permaul (WIN)
D Brown (WIN)
A Martin (WIN)
GC Tonge (WIN)
RA Austin (WIN)
BS Browne (WIN)
R Dhanraj (WIN)
ST Gabriel (WIN)
EA Moseley (WIN)
RT Crandon (WIN)
D Ramnarine (WIN)
MI Black (WIN)
SS Cottrell (WIN)
CEL Stuart (WIN)
MR Pydanna (WIN)
ACL Richards (WIN)
PIC Thompson (WIN)
RR Ramdass (WIN)
LR Gibbs (WIN)
D Mohammed (WIN)
NT Pascal (WIN)
N Phillip (WIN)
GS Sobers (WIN)
ML Cummins (WIN)
MA Small (WIN)
CM Tuckett (WIN)
A Flower (ZIM)
GW Flower (ZIM)
BRM Taylor (ZIM)
ADR Campbell (ZIM)
H Masakadza (ZIM)
E Chigumbura (ZIM)
T Taibu (ZIM)
V Sibanda (ZIM)
HH Streak (ZIM)
SC Williams (ZIM)
SV Carlisle (ZIM)
GJ Whittall (ZIM)
CJ Chibhabha (ZIM)
S Matsikenyeri (ZIM)
MW Goodwin (ZIM)
CB Wishart (ZIM)
NC Johnson (ZIM)
CR Ervine (ZIM)
Sikandar Raza (ZIM)
DL Houghton (ZIM)
DD Ebrahim (ZIM)
P Utseya (ZIM)
PA Strang (ZIM)
MN Waller (ZIM)
MA Vermeulen (ZIM)
CK Coventry (ZIM)
AC Waller (ZIM)
CN Evans (ZIM)
SM Ervine (ZIM)
DA Marillier (ZIM)
AM Blignaut (ZIM)
GJ Rennie (ZIM)
AG Cremer (ZIM)
R Mutumbami (ZIM)
TJ Friend (ZIM)
T Duffin (ZIM)
KM Dabengwa (ZIM)
DP Viljoen (ZIM)
BG Rogers (ZIM)
RW Chakabva (ZIM)
AH Omarshah (ZIM)
GB Brent (ZIM)
RW Price (ZIM)
EA Brandes (ZIM)
F Mutizwa (ZIM)
MH Dekker (ZIM)
PJ Moor (ZIM)
ML Nkala (ZIM)
HP Rinke (ZIM)
SF Mire (ZIM)
AJ Pycroft (ZIM)
KM Curran (ZIM)
IP Butchart (ZIM)
T Panyangara (ZIM)
KJ Arnott (ZIM)
LM Jongwe (ZIM)
JA Rennie (ZIM)
GA Lamb (ZIM)
DAG Fletcher (ZIM)
TN Madondo (ZIM)
T Mupariwa (ZIM)
SW Masakadza (ZIM)
AR Whittall (ZIM)
T Maruma (ZIM)
GM Strydom (ZIM)
BB Chari (ZIM)
DT Hondo (ZIM)
A Maregwede (ZIM)
GA Paterson (ZIM)
DH Brain (ZIM)
NB Mahwire (ZIM)
TK Musakanda (ZIM)
CT Mutombodzi (ZIM)
RD Brown (ZIM)
MG Burmester (ZIM)
TL Chatara (ZIM)
KO Meth (ZIM)
WR James (ZIM)
GJ Crocker (ZIM)
GM Ewing (ZIM)
HK Olonga (ZIM)
BC Strang (ZIM)
SG Peall (ZIM)
AJ Traicos (ZIM)
TS Chisoro (ZIM)
DT Tiripano (ZIM)
TR Gripper (ZIM)
PWE Rawson (ZIM)
BA Murphy (ZIM)
RP Burl (ZIM)
SG Davies (ZIM)
N Madziva (ZIM)
BV Vitori (ZIM)
TMK Mawoyo (ZIM)
TV Mufambisi (ZIM)
EC Rainsford (ZIM)
KM Jarvis (ZIM)
JG Heron (ZIM)
CB Mpofu (ZIM)
J Nyumbu (ZIM)
GA Briant (ZIM)
N M'shangwe (ZIM)
MP Jarvis (ZIM)
M Mbangwa (ZIM)
GE Peckover (ZIM)
GC Martin (ZIM)
RW Sims (ZIM)
AJ Ireland (ZIM)
TP Kamungozi (ZIM)
DT Mutendera (ZIM)
MA Meman (ZIM)
F Kasteni (ZIM)
C Zhuwao (ZIM)
RS Higgins (ZIM)
EA Essop-Adam (ZIM)
WP Masakadza (ZIM)
IA Nicolson (ZIM)
GK Bruk-Jackson (ZIM)
T Muzarabani (ZIM)
R Ngarava (ZIM)
AG Huckle (ZIM)
ACI Lock (ZIM)
EZ Matambanadzo (ZIM)
KG Duers (ZIM)
VR Hogg (ZIM)
MT Chinouya (ZIM)
U Ranchod (ZIM)
CT Mumba (ZIM)
W Mwayenga (ZIM)
N Ncube (ZIM)
TN Garwe (ZIM)
R Kaia (ZIM)
AJ Mackay (ZIM)
DA Warner (AUS)
SR Watson (AUS)
AJ Finch (AUS)
CL White (AUS)
GJ Maxwell (AUS)
DJ Hussey (AUS)
MEK Hussey (AUS)
MJ Clarke (AUS)
GJ Bailey (AUS)
SPD Smith (AUS)
BJ Haddin (AUS)
RT Ponting (AUS)
A Symonds (AUS)
ML Hayden (AUS)
AC Gilchrist (AUS)
SE Marsh (AUS)
UT Khawaja (AUS)
MS Wade (AUS)
BJ Hodge (AUS)
JP Faulkner (AUS)
TM Head (AUS)
M Klinger (AUS)
AC Voges (AUS)
MR Marsh (AUS)
DR Martyn (AUS)
MG Johnson (AUS)
JR Hopes (AUS)
B Lee (AUS)
BR Dunk (AUS)
MC Henriques (AUS)
SM Katich (AUS)
CA Lynn (AUS)
GB Hogg (AUS)
NM Coulter-Nile (AUS)
L Ronchi (AUS)
JW Hastings (AUS)
NJ Maddinson (AUS)
BCJ Cutting (AUS)
SNJ O'Keefe (AUS)
TR Birt (AUS)
TD Paine (AUS)
PJ Cummins (AUS)
AJ Turner (AUS)
PM Nevill (AUS)
JN Gillespie (AUS)
MJ North (AUS)
CJ McKay (AUS)
DT Christian (AUS)
XJ Doherty (AUS)
CJ Ferguson (AUS)
DP Nannes (AUS)
BJ Rohrer (AUS)
NW Bracken (AUS)
LA Pomersbach (AUS)
MA Starc (AUS)
SW Tait (AUS)
MP Stoinis (AUS)
AC Agar (AUS)
KW Richardson (AUS)
A Zampa (AUS)
NM Hauritz (AUS)
PJ Hughes (AUS)
SA Abbott (AUS)
GD McGrath (AUS)
JL Pattinson (AUS)
CJ Boyce (AUS)
JM Muirhead (AUS)
NJ Reardon (AUS)
AJ Tye (AUS)
Fawad Ahmed (AUS)
MS Kasprowicz (AUS)
RJ Harris (AUS)
BW Hilfenhaus (AUS)
DE Bollinger (AUS)
PM Siddle (AUS)
CT Bancroft (AUS)
SM Harwood (AUS)
AA Noffke (AUS)
JA Richardson (AUS)
SM Boland (AUS)
SR Clark (AUS)
B Geeves (AUS)
JR Hazlewood (AUS)
B Laughlin (AUS)
ML Lewis (AUS)
NM Lyon (AUS)
B Stanlake (AUS)
Tamim Iqbal (BAN)
Shakib Al Hasan (BAN)
Mahmudullah (BAN)
Mushfiqur Rahim (BAN)
Sabbir Rahman (BAN)
Mohammad Ashraful (BAN)
Soumya Sarkar (BAN)
Nasir Hossain (BAN)
Mashrafe Mortaza (BAN)
Anamul Haque (BAN)
Aftab Ahmed (BAN)
Nazimuddin (BAN)
Junaid Siddique (BAN)
Naeem Islam (BAN)
Ziaur Rahman (BAN)
Shamsur Rahman (BAN)
Mohammad Mithun (BAN)
Nurul Hasan (BAN)
Farhad Reza (BAN)
Imrul Kayes (BAN)
Mominul Haque (BAN)
Alok Kapali (BAN)
Sohag Gazi (BAN)
Raqibul Hasan (BAN)
Liton Das (BAN)
Mosaddek Hossain (BAN)
Abdur Razzak (BAN)
Shuvagata Hom (BAN)
Arafat Sunny (BAN)
Jahurul Islam (BAN)
Nadif Chowdhury (BAN)
Shahriar Nafees (BAN)
Rony Talukdar (BAN)
Muktar Ali (BAN)
Shafiul Islam (BAN)
Taskin Ahmed (BAN)
Mehrab Hossain jnr (BAN)
Abu Hider (BAN)
Mohammad Rafique (BAN)
Rubel Hossain (BAN)
Abul Hasan (BAN)
Elias Sunny (BAN)
Mustafizur Rahman (BAN)
Shahadat Hossain (BAN)
Al-Amin Hossain (BAN)
Syed Rasel (BAN)
Nazmus Sadat (BAN)
Nazmul Hossain (BAN)
Dhiman Ghosh (BAN)
Suhrawadi Shuvo (BAN)
Jubair Hossain (BAN)
Mohammad Shahid (BAN)
Robiul Islam (BAN)
Sajedul Islam (BAN)
Saqlain Sajib (BAN)
EJG Morgan (ENG)
AD Hales (ENG)
KP Pietersen (ENG)
JC Buttler (ENG)
LJ Wright (ENG)
JE Root (ENG)
RS Bopara (ENG)
PD Collingwood (ENG)
MJ Lumb (ENG)
C Kieswetter (ENG)
JJ Roy (ENG)
OA Shah (ENG)
TT Bresnan (ENG)
MM Ali (ENG)
JM Bairstow (ENG)
BA Stokes (ENG)
SR Patel (ENG)
IR Bell (ENG)
ME Trescothick (ENG)
JM Vince (ENG)
IJL Trott (ENG)
SW Billings (ENG)
CJ Jordan (ENG)
MJ Prior (ENG)
AD Mascarenhas (ENG)
SCJ Broad (ENG)
DL Maddy (ENG)
GP Swann (ENG)
SM Davies (ENG)
MH Yardy (ENG)
CR Woakes (ENG)
A Flintoff (ENG)
VS Solanki (ENG)
AJ Strauss (ENG)
DJ Willey (ENG)
AN Cook (ENG)
JWM Dalrymple (ENG)
P Mustard (ENG)
JS Foster (ENG)
GO Jones (ENG)
JC Tredwell (ENG)
PA Nixon (ENG)
AU Rashid (ENG)
MP Vaughan (ENG)
JW Dernbach (ENG)
CP Schofield (ENG)
JL Denly (ENG)
SG Borthwick (ENG)
ST Finn (ENG)
CMW Read (ENG)
RWT Key (ENG)
MA Carberry (ENG)
JN Snape (ENG)
LE Plunkett (ENG)
RJ Sidebottom (ENG)
GJ Batty (ENG)
A Khan (ENG)
RJ Kirtley (ENG)
JM Anderson (ENG)
EC Joyce (ENG)
J Lewis (ENG)
SI Mahmood (ENG)
MS Panesar (ENG)
SD Parry (ENG)
RJW Topley (ENG)
DR Briggs (ENG)
TS Mills (ENG)
A Shahzad (ENG)
TR Ambrose (ENG)
LA Dawson (ENG)
D Gough (ENG)
HF Gurney (ENG)
SJ Harmison (ENG)
SC Meaker (ENG)
WB Rankin (ENG)
CT Tremlett (ENG)
MA Wood (ENG)
V Kohli (IND)
RG Sharma (IND)
SK Raina (IND)
MS Dhoni (IND)
Yuvraj Singh (IND)
G Gambhir (IND)
S Dhawan (IND)
V Sehwag (IND)
AM Rahane (IND)
KL Rahul (IND)
RV Uthappa (IND)
YK Pathan (IND)
IK Pathan (IND)
M Vijay (IND)
R Ashwin (IND)
Harbhajan Singh (IND)
RA Jadeja (IND)
KD Karthik (IND)
MK Pandey (IND)
HH Pandya (IND)
KM Jadhav (IND)
Mandeep Singh (IND)
AR Patel (IND)
S Badrinath (IND)
AT Rayudu (IND)
D Mongia (IND)
PA Patel (IND)
STR Binny (IND)
R Dravid (IND)
A Nehra (IND)
AB Dinda (IND)
S Sreesanth (IND)
SV Samson (IND)
AB Agarkar (IND)
B Kumar (IND)
MK Tiwary (IND)
Z Khan (IND)
NV Ojha (IND)
PP Ojha (IND)
SR Tendulkar (IND)
I Sharma (IND)
P Kumar (IND)
RR Pant (IND)
Parvez Rasool (IND)
MM Sharma (IND)
RP Singh (IND)
R Vinay Kumar (IND)
R Dhawan (IND)
DS Kulkarni (IND)
Sandeep Sharma (IND)
JJ Bumrah (IND)
PP Chawla (IND)
A Mishra (IND)
MM Patel (IND)
S Aravind (IND)
P Awana (IND)
L Balaji (IND)
YS Chahal (IND)
Joginder Sharma (IND)
M Kartik (IND)
Mohammed Shami (IND)
P Negi (IND)
KV Sharma (IND)
R Sharma (IND)
BB Sran (IND)
S Tyagi (IND)
JD Unadkat (IND)
UT Yadav (IND)
BB McCullum (NZL)
MJ Guptill (NZL)
LRPL Taylor (NZL)
KS Williamson (NZL)
C Munro (NZL)
SB Styris (NZL)
JDP Oram (NZL)
JEC Franklin (NZL)
JD Ryder (NZL)
CJ Anderson (NZL)
RJ Nicol (NZL)
L Ronchi (NZL)
NL McCullum (NZL)
DL Vettori (NZL)
CD McMillan (NZL)
L Vincent (NZL)
GD Elliott (NZL)
HD Rutherford (NZL)
KD Mills (NZL)
PG Fulton (NZL)
AJ Redmond (NZL)
TWM Latham (NZL)
JDS Neesham (NZL)
AP Devcich (NZL)
SP Fleming (NZL)
TC Bruce (NZL)
TG Southee (NZL)
GH Worker (NZL)
GJ Hopkins (NZL)
DAJ Bracewell (NZL)
C de Grandhomme (NZL)
NJ Astle (NZL)
NT Broom (NZL)
PD McGlashan (NZL)
DR Flynn (NZL)
JM How (NZL)
MJ Santner (NZL)
BJ Watling (NZL)
RM Hira (NZL)
AM Ellis (NZL)
PJ Ingram (NZL)
SE Bond (NZL)
MR Gillespie (NZL)
AF Milne (NZL)
JW Wilson (NZL)
MJ McClenaghan (NZL)
JAH Marshall (NZL)
AR Adams (NZL)
TA Boult (NZL)
PA Hitchcock (NZL)
HJH Marshall (NZL)
MJ Henry (NZL)
JS Patel (NZL)
HM Nicholls (NZL)
DG Brownlie (NZL)
BM Wheeler (NZL)
IG Butler (NZL)
CS Martin (NZL)
GD Phillips (NZL)
DR Tuffey (NZL)
CL Cairns (NZL)
MJ Mason (NZL)
TD Astle (NZL)
EP Thompson (NZL)
AJ McKay (NZL)
MS Sinclair (NZL)
IS Sodhi (NZL)
GW Aldridge (NZL)
MD Bates (NZL)
TA Blundell (NZL)
BJ Diamanti (NZL)
LH Ferguson (NZL)
IE O'Brien (NZL)
LJ Woodcock (NZL)
Umar Akmal (PAK)
Mohammad Hafeez (PAK)
Shoaib Malik (PAK)
Shahid Afridi (PAK)
Ahmed Shehzad (PAK)
Kamran Akmal (PAK)
Misbah-ul-Haq (PAK)
Salman Butt (PAK)
Imran Nazir (PAK)
Younis Khan (PAK)
Abdul Razzaq (PAK)
Nasir Jamshed (PAK)
Sharjeel Khan (PAK)
Sarfraz Ahmed (PAK)
Khalid Latif (PAK)
Sohaib Maqsood (PAK)
Babar Azam (PAK)
Fawad Alam (PAK)
Sohail Tanvir (PAK)
Asad Shafiq (PAK)
Mukhtar Ahmed (PAK)
Umar Gul (PAK)
Wahab Riaz (PAK)
Shahzaib Hasan (PAK)
Anwar Ali (PAK)
Mohammad Rizwan (PAK)
Yasir Arafat (PAK)
Saeed Ajmal (PAK)
Imad Wasim (PAK)
Imran Farhat (PAK)
Umar Amin (PAK)
Awais Zia (PAK)
Shoaib Khan jnr (PAK)
Mohammad Yousuf (PAK)
Haris Sohail (PAK)
Saad Nasim (PAK)
Mohammad Amir (PAK)
Rafatullah Mohmand (PAK)
Hammad Azam (PAK)
Zulfiqar Babar (PAK)
Rameez Raja (2) (PAK)
Bilawal Bhatti (PAK)
Zulqarnain Haider (PAK)
Abdur Rehman (PAK)
Mohammad Sami (PAK)
Shoaib Akhtar (PAK)
Fakhar Zaman (PAK)
Nauman Anwar (PAK)
Naved-ul-Hasan (PAK)
Raza Hasan (PAK)
Shadab Khan (PAK)
Inzamam-ul-Haq (PAK)
Khurram Manzoor (PAK)
Yasir Shah (PAK)
Mohammad Asif (PAK)
Mohammad Salman (PAK)
Mohammad Irfan (PAK)
Junaid Khan (PAK)
Usman Khan (PAK)
Aizaz Cheema (PAK)
Hasan Ali (PAK)
Iftikhar Ahmed (PAK)
Imran Khan (1) (PAK)
Shakeel Ansar (PAK)
Aamer Yamin (PAK)
Abdur Rauf (PAK)
Asad Ali (PAK)
Iftikhar Anjum (PAK)
Mansoor Amjad (PAK)
Mohammad Nawaz (3) (PAK)
Rumman Raees (PAK)
Shabbir Ahmed (PAK)
Sohail Khan (PAK)
Tanvir Ahmed (PAK)
JP Duminy (RSA)
AB de Villiers (RSA)
F du Plessis (RSA)
HM Amla (RSA)
GC Smith (RSA)
DA Miller (RSA)
Q de Kock (RSA)
JH Kallis (RSA)
JA Morkel (RSA)
HH Gibbs (RSA)
RR Rossouw (RSA)
LE Bosman (RSA)
F Behardien (RSA)
MV Boucher (RSA)
RE Levi (RSA)
MN van Wyk (RSA)
CA Ingram (RSA)
JM Kemp (RSA)
J Botha (RSA)
RR Hendricks (RSA)
H Davids (RSA)
JL Ontong (RSA)
RJ Peterson (RSA)
WD Parnell (RSA)
D Wiese (RSA)
SM Pollock (RSA)
RE van der Merwe (RSA)
CH Morris (RSA)
HG Kuhn (RSA)
M Mosehle (RSA)
JJ van der Wath (RSA)
JT Smuts (RSA)
J Theron (RSA)
TB de Bruyn (RSA)
RK Kleinveldt (RSA)
KJ Abbott (RSA)
AM Phangiso (RSA)
Imran Tahir (RSA)
M Morkel (RSA)
BE Hendricks (RSA)
DW Steyn (RSA)
VB van Jaarsveld (RSA)
AN Petersen (RSA)
VD Philander (RSA)
AJ Hall (RSA)
M Ntini (RSA)
R McLaren (RSA)
GH Bodi (RSA)
ND McKenzie (RSA)
JA Rudolph (RSA)
AG Prince (RSA)
K Rabada (RSA)
R Telemachus (RSA)
CK Langeveldt (RSA)
GJP Kruger (RSA)
L Ngidi (RSA)
LL Tsotsobe (RSA)
HH Dippenaar (RSA)
J Louw (RSA)
T Henderson (RSA)
A Nel (RSA)
AL Phehlukwayo (RSA)
M Zondeki (RSA)
YA Abdulla (RSA)
N Boje (RSA)
M de Lange (RSA)
E Leie (RSA)
D Paterson (RSA)
AC Thomas (RSA)
DJ Vilas (RSA)
TM Dilshan (SRI)
DPMD Jayawardene (SRI)
KC Sangakkara (SRI)
AD Mathews (SRI)
LD Chandimal (SRI)
CK Kapugedera (SRI)
MDKJ Perera (SRI)
ST Jayasuriya (SRI)
NLTC Perera (SRI)
HDRL Thirimanne (SRI)
TAM Siriwardana (SRI)
J Mubarak (SRI)
KMDN Kulasekara (SRI)
BMAJ Mendis (SRI)
N Dickwella (SRI)
LPC Silva (SRI)
WU Tharanga (SRI)
DAS Gunaratne (SRI)
DM de Silva (SRI)
GSNFG Jayasuriya (SRI)
EMDY Munaweera (SRI)
S Prasanna (SRI)
MD Shanaka (SRI)
MD Gunathilaka (SRI)
ML Udawatte (SRI)
BKG Mendis (SRI)
SL Malinga (SRI)
SMSM Senanayake (SRI)
CU Jayasinghe (SRI)
K Weeraratne (SRI)
KDK Vithanage (SRI)
MF Maharoof (SRI)
RJMGM Rupasinghe (SRI)
WPUJC Vaas (SRI)
CRD Fernando (SRI)
HGJM Kulatunga (SRI)
RLB Rambukwella (SRI)
LHD Dilhara (SRI)
PVD Chameera (SRI)
JDF Vandersay (SRI)
SHT Kandamby (SRI)
HMCM Bandara (SRI)
KS Lokuarachchi (SRI)
B Fernando (SRI)
HMRKB Herath (SRI)
S Randiv (SRI)
BAW Mendis (SRI)
SS Pathirana (SRI)
RP Arnold (SRI)
RMS Eranga (SRI)
MS Atapattu (SRI)
JRMVB Sanjaya (SRI)
AK Perera (SRI)
T Thushara (SRI)
ST de Silva (SRI)
CAK Rajitha (SRI)
KMC Bandara (SRI)
RAS Lakmal (SRI)
I Udana (SRI)
UWMBCA Welegedara (SRI)
M Muralitharan (SRI)
MDK Perera (SRI)
G Wijekoon (SRI)
A Dananjaya (SRI)
N Pradeep (SRI)
PDRL Perera (SRI)
SI de Saram (SRI)
KTGD Prasad (SRI)
M Pushpakumara (SRI)
PADLR Sandakan (SRI)
CH Gayle (WIN)
MN Samuels (WIN)
DJ Bravo (WIN)
LMP Simmons (WIN)
KA Pollard (WIN)
J Charles (WIN)
DR Smith (WIN)
ADS Fletcher (WIN)
DJG Sammy (WIN)
D Ramdin (WIN)
AD Russell (WIN)
S Chanderpaul (WIN)
RR Sarwan (WIN)
DM Bravo (WIN)
DS Smith (WIN)
CR Brathwaite (WIN)
SP Narine (WIN)
E Lewis (WIN)
XM Marshall (WIN)
RS Morton (WIN)
JE Taylor (WIN)
CD Barnwell (WIN)
TM Dowlin (WIN)
DP Hyatt (WIN)
N Deonarine (WIN)
CAK Walton (WIN)
NO Miller (WIN)
JO Holder (WIN)
SJ Benn (WIN)
SE Findlay (WIN)
WW Hinds (WIN)
S Badree (WIN)
NE Bonner (WIN)
D Ganga (WIN)
N Pooran (WIN)
AB Barath (WIN)
FL Reifer (WIN)
TL Best (WIN)
KOA Powell (WIN)
R Rampaul (WIN)
CS Baugh (WIN)
FH Edwards (WIN)
BA Parchment (WIN)
ACL Richards (WIN)
AR Nurse (WIN)
WKD Perkins (WIN)
D Bishoo (WIN)
R Powell (WIN)
GE Mathurin (WIN)
MC Bascombe (WIN)
KAJ Roach (WIN)
DE Bernard (WIN)
DBL Powell (WIN)
IDR Bradshaw (WIN)
DO Christian (WIN)
SS Cottrell (WIN)
RN Lewis (WIN)
DM Richards (WIN)
K Santokie (WIN)
LS Baker (WIN)
DK Butler (WIN)
ST Gabriel (WIN)
A Martin (WIN)
JN Mohammed (WIN)
DC Thomas (WIN)
GC Tonge (WIN)
KOK Williams (WIN)
H Masakadza (ZIM)
E Chigumbura (ZIM)
CJ Chibhabha (ZIM)
BRM Taylor (ZIM)
MN Waller (ZIM)
V Sibanda (ZIM)
SC Williams (ZIM)
Sikandar Raza (ZIM)
T Taibu (ZIM)
CR Ervine (ZIM)
R Mutumbami (ZIM)
CK Coventry (ZIM)
PJ Moor (ZIM)
P Utseya (ZIM)
T Maruma (ZIM)
S Matsikenyeri (ZIM)
AG Cremer (ZIM)
LM Jongwe (ZIM)
N Madziva (ZIM)
KM Dabengwa (ZIM)
F Mutizwa (ZIM)
GA Lamb (ZIM)
C Zhuwao (ZIM)
T Panyangara (ZIM)
WP Masakadza (ZIM)
RW Chakabva (ZIM)
SW Masakadza (ZIM)
CT Mutombodzi (ZIM)
TS Chisoro (ZIM)
RW Price (ZIM)
DT Tiripano (ZIM)
CB Mpofu (ZIM)
KM Jarvis (ZIM)
AM Blignaut (ZIM)
TL Chatara (ZIM)
BV Vitori (ZIM)
KO Meth (ZIM)
T Mupariwa (ZIM)
N M'shangwe (ZIM)
GB Brent (ZIM)
AJ Ireland (ZIM)
ML Nkala (ZIM)
EC Rainsford (ZIM)
T Muzarabani (ZIM)
TP Kamungozi (ZIM)
